0x17c N 0x180
0x17c N 0x180
0x17c N 0x180
0x17c N 0x180
0x17c N 0x180
0x17c N 0x180
0x17c N 0x180
0x17c N 0x180
0x17c N 0x180
0x17c N 0x180
0x17c N 0x180
0x17c N 0x180
0x17c N 0x180
0x17c N 0x180
0x17c N 0x180
0x17c N 0x180
0x17c N 0x180
0x17c N 0x180
0x27c N 0x280
0x17c N 0x180
0x17c N 0x180
0x17c N 0x180
0x17c N 0x180
0x17c N 0x180
0x17c N 0x180
0x17c N 0x180
0x17c N 0x180
0x17c N 0x180
0x17c N 0x180
0x17c N 0x180
0x17c N 0x180
0x17c N 0x180
0x17c N 0x180
0x17c N 0x180
0x17c N 0x180
0x17c N 0x180
0x17c N 0x180
flush_num: 20, br_num: 37, size: 18368b
