Reading the opcodes latency info from tests/test239.dat ... Got latency for 9 opcodes
Reading the program file tests/test239.in ... Found 200 instructions
getProgDepth()==251
getDepDepth(179)==181
getInstDeps(161)=={69,132}
getDepDepth(31)==21
getDepDepth(40)==26
getDepDepth(129)==157
getInstDeps(91)=={68,69}
getInstDeps(41)=={-1,12}
getInstDeps(19)=={0,4}
getInstDeps(182)=={151,162}
getDepDepth(141)==132
getInstDeps(174)=={173,79}
getInstDeps(117)=={115,85}
getInstDeps(113)=={79,84}
getDepDepth(165)==137
getInstDeps(46)=={2,-1}
getInstDeps(47)=={20,28}
getDepDepth(124)==132
getDepDepth(155)==174
getDepDepth(131)==135
getInstDeps(21)=={-1,2}
getInstDeps(170)=={130,146}
getInstDeps(159)=={121,96}
getInstDeps(16)=={-1,-1}
getDepDepth(162)==164
getDepDepth(116)==137
getDepDepth(188)==191
getDepDepth(148)==181
getDepDepth(117)==144
getInstDeps(116)=={99,104}
getDepDepth(6)==0
getDepDepth(171)==219
getInstDeps(31)=={21,-1}
getDepDepth(110)==49
getDepDepth(182)==187
getInstDeps(21)=={-1,2}
getInstDeps(161)=={69,132}
getDepDepth(36)==23
getDepDepth(155)==174
getInstDeps(116)=={99,104}
getInstDeps(146)=={114,122}
getDepDepth(52)==3
getInstDeps(58)=={35,54}
getInstDeps(111)=={106,61}
getDepDepth(33)==23
getDepDepth(18)==13
getDepDepth(93)==73
getInstDeps(126)=={66,99}
getInstDeps(163)=={143,96}
getInstDeps(18)=={-1,9}
getInstDeps(174)=={173,79}
getDepDepth(69)==64
getDepDepth(107)==132
getDepDepth(2)==0
getInstDeps(140)=={69,61}
getDepDepth(193)==190
getInstDeps(43)=={25,31}
getInstDeps(38)=={31,0}
getInstDeps(162)=={145,99}
getInstDeps(9)=={-1,-1}
getDepDepth(54)==56
getInstDeps(53)=={-1,34}
getInstDeps(72)=={48,43}
getInstDeps(131)=={122,123}
getInstDeps(0)=={-1,-1}
getDepDepth(155)==174
getDepDepth(109)==125
getInstDeps(68)=={64,66}
getInstDeps(68)=={64,66}
getInstDeps(5)=={-1,-1}
getInstDeps(15)=={-1,-1}
getDepDepth(143)==161
getDepDepth(45)==59
getDepDepth(190)==167
getInstDeps(163)=={143,96}
getInstDeps(32)=={2,14}
getDepDepth(21)==2
getInstDeps(86)=={49,76}
