Reading the opcodes latency info from tests/test346.dat ... Got latency for 9 opcodes
Reading the program file tests/test346.in ... Found 200 instructions
getProgDepth()==253
getDepDepth(91)==98
getDepDepth(5)==23
getDepDepth(70)==57
getInstDeps(133)=={76,131}
getDepDepth(130)==163
getDepDepth(12)==0
getDepDepth(32)==21
getDepDepth(66)==83
getDepDepth(73)==100
getInstDeps(96)=={76,91}
getInstDeps(9)=={-1,3}
getDepDepth(105)==121
getInstDeps(62)=={-1,52}
getDepDepth(33)==21
getInstDeps(120)=={-1,67}
getDepDepth(64)==100
getDepDepth(183)==217
getDepDepth(160)==211
getDepDepth(87)==104
getDepDepth(2)==0
getInstDeps(84)=={-1,53}
getInstDeps(105)=={30,85}
getDepDepth(156)==179
getInstDeps(135)=={107,129}
getDepDepth(78)==97
getDepDepth(188)==181
getInstDeps(149)=={140,129}
getDepDepth(85)==104
getDepDepth(94)==130
getInstDeps(123)=={59,-1}
getDepDepth(81)==117
getInstDeps(158)=={153,38}
getInstDeps(36)=={26,35}
getDepDepth(55)==5
getInstDeps(190)=={155,185}
getDepDepth(107)==111
getInstDeps(181)=={166,175}
getDepDepth(130)==163
getDepDepth(145)==194
getInstDeps(157)=={109,109}
getDepDepth(11)==0
getDepDepth(10)==0
getDepDepth(44)==21
getInstDeps(40)=={33,34}
getDepDepth(34)==76
getDepDepth(104)==124
getInstDeps(81)=={20,74}
getDepDepth(49)==80
getDepDepth(178)==210
getDepDepth(137)==151
getDepDepth(21)==5
getDepDepth(93)==117
getInstDeps(68)=={-1,65}
getInstDeps(191)=={161,78}
getInstDeps(123)=={59,-1}
getDepDepth(60)==107
getInstDeps(90)=={-1,74}
getDepDepth(30)==0
getInstDeps(158)=={153,38}
getInstDeps(194)=={192,183}
getInstDeps(78)=={53,48}
getDepDepth(33)==21
getInstDeps(147)=={143,127}
getInstDeps(195)=={183,149}
getInstDeps(88)=={71,37}
getInstDeps(137)=={38,134}
getInstDeps(149)=={140,129}
getInstDeps(74)=={57,53}
getDepDepth(199)==197
getDepDepth(187)==223
getDepDepth(57)==79
getDepDepth(178)==210
getDepDepth(111)==23
getDepDepth(164)==173
getInstDeps(166)=={164,109}
getInstDeps(44)=={31,-1}
getDepDepth(78)==97
getDepDepth(91)==98
getDepDepth(84)==94
getDepDepth(42)==47
getInstDeps(195)=={183,149}
getDepDepth(137)==151
getDepDepth(119)==147
getInstDeps(45)=={25,-1}
getDepDepth(143)==159
getDepDepth(73)==100
getDepDepth(5)==23
getInstDeps(16)=={-1,3}
getInstDeps(132)=={116,123}
getDepDepth(127)==5
getInstDeps(171)=={159,59}
getDepDepth(102)==98
getDepDepth(156)==179
getInstDeps(161)=={153,137}
getDepDepth(22)==5
getInstDeps(25)=={-1,5}
getDepDepth(173)==214
getDepDepth(85)==104
getDepDepth(103)==108
getInstDeps(26)=={18,25}
getDepDepth(186)==60
getDepDepth(179)==197
getInstDeps(163)=={147,149}
getDepDepth(152)==173
getDepDepth(51)==62
getInstDeps(146)=={108,138}
getInstDeps(11)=={-1,-1}
getInstDeps(122)=={103,110}
getDepDepth(82)==94
getInstDeps(122)=={103,110}
getInstDeps(81)=={20,74}
getDepDepth(160)==211
getInstDeps(59)=={45,-1}
getDepDepth(164)==173
getDepDepth(40)==89
getDepDepth(12)==0
getDepDepth(100)==118
getDepDepth(4)==0
getDepDepth(127)==5
getInstDeps(24)=={20,20}
getInstDeps(130)=={118,101}
getInstDeps(168)=={155,141}
getInstDeps(80)=={30,51}
getDepDepth(44)==21
getInstDeps(171)=={159,59}
getInstDeps(159)=={129,-1}
getDepDepth(18)==17
getDepDepth(53)==92
getInstDeps(28)=={8,9}
getInstDeps(85)=={71,59}
getInstDeps(32)=={31,18}
getDepDepth(82)==94
getDepDepth(16)==5
getDepDepth(177)==210
getDepDepth(51)==62
getDepDepth(64)==100
getDepDepth(186)==60
getInstDeps(49)=={45,35}
