Reading the opcodes latency info from tests/test144.dat ... Got latency for 9 opcodes
Reading the program file tests/test144.in ... Found 200 instructions
getProgDepth()==261
getInstDeps(30)=={28,-1}
getDepDepth(167)==190
getDepDepth(118)==72
getDepDepth(152)==177
getDepDepth(66)==49
getDepDepth(170)==177
getDepDepth(98)==66
getInstDeps(192)=={190,172}
getInstDeps(45)=={31,11}
getDepDepth(183)==203
getInstDeps(10)=={9,7}
getDepDepth(23)==24
getDepDepth(130)==87
getInstDeps(94)=={93,63}
getInstDeps(167)=={152,66}
getDepDepth(195)==207
getInstDeps(167)=={152,66}
getDepDepth(19)==11
getDepDepth(12)==0
getDepDepth(12)==0
getDepDepth(41)==44
getInstDeps(19)=={17,-1}
getInstDeps(100)=={73,63}
getDepDepth(190)==226
getInstDeps(137)=={128,121}
getDepDepth(88)==100
getDepDepth(153)==173
getDepDepth(44)==0
getDepDepth(11)==7
getDepDepth(132)==95
getDepDepth(178)==162
getDepDepth(84)==54
getInstDeps(119)=={75,108}
getDepDepth(99)==80
getInstDeps(74)=={66,63}
getDepDepth(166)==177
getInstDeps(5)=={-1,0}
getInstDeps(29)=={17,-1}
getInstDeps(142)=={95,134}
getDepDepth(20)==24
getInstDeps(134)=={126,117}
getDepDepth(87)==99
getInstDeps(90)=={27,84}
getDepDepth(110)==105
getDepDepth(119)==120
getInstDeps(6)=={-1,-1}
getInstDeps(174)=={144,137}
getInstDeps(116)=={107,97}
getDepDepth(61)==75
getInstDeps(87)=={-1,78}
getDepDepth(168)==92
getDepDepth(109)==103
getInstDeps(122)=={44,104}
getDepDepth(104)==80
getInstDeps(72)=={63,70}
getDepDepth(52)==0
getInstDeps(101)=={95,63}
getInstDeps(84)=={44,49}
getDepDepth(186)==207
getInstDeps(71)=={23,36}
getInstDeps(150)=={135,128}
getInstDeps(181)=={180,115}
getDepDepth(188)==230
getDepDepth(96)==49
getDepDepth(135)==157
getDepDepth(160)==113
getInstDeps(73)=={44,26}
getInstDeps(63)=={-1,16}
getInstDeps(183)=={167,132}
getDepDepth(78)==80
