Reading the opcodes latency info from tests/test350.dat ... Got latency for 9 opcodes
Reading the program file tests/test350.in ... Found 200 instructions
getProgDepth()==229
getDepDepth(144)==131
getDepDepth(60)==25
getDepDepth(73)==30
getDepDepth(158)==145
getDepDepth(163)==124
getInstDeps(198)=={187,197}
getDepDepth(140)==89
getInstDeps(12)=={-1,-1}
getInstDeps(139)=={107,136}
getInstDeps(60)=={23,49}
getDepDepth(86)==55
getInstDeps(109)=={94,88}
getDepDepth(107)==0
getDepDepth(188)==187
getInstDeps(77)=={36,49}
getInstDeps(124)=={114,94}
getInstDeps(69)=={35,36}
getInstDeps(107)=={-1,-1}
getDepDepth(119)==49
getInstDeps(23)=={20,22}
getInstDeps(79)=={-1,70}
getDepDepth(91)==53
getInstDeps(28)=={-1,-1}
getDepDepth(184)==210
getDepDepth(135)==117
getInstDeps(110)=={26,88}
getDepDepth(147)==11
getDepDepth(78)==59
getInstDeps(165)=={80,85}
getInstDeps(64)=={35,47}
getDepDepth(20)==7
getInstDeps(32)=={-1,-1}
getInstDeps(150)=={146,140}
getDepDepth(35)==0
getInstDeps(20)=={0,0}
getInstDeps(49)=={12,-1}
getInstDeps(196)=={185,186}
getInstDeps(190)=={139,183}
getDepDepth(176)==135
getDepDepth(91)==53
getDepDepth(178)==131
getInstDeps(59)=={-1,23}
getDepDepth(140)==89
getInstDeps(166)=={152,158}
getInstDeps(138)=={104,108}
getDepDepth(4)==7
getDepDepth(33)==7
getDepDepth(169)==124
getInstDeps(31)=={26,23}
getInstDeps(24)=={0,-1}
getInstDeps(48)=={27,-1}
getInstDeps(89)=={69,59}
getInstDeps(92)=={81,90}
getDepDepth(81)==59
getInstDeps(143)=={129,103}
getDepDepth(151)==30
getDepDepth(103)==99
getDepDepth(72)==45
getDepDepth(113)==92
getInstDeps(177)=={162,173}
getInstDeps(171)=={80,40}
getDepDepth(45)==55
getDepDepth(45)==55
getInstDeps(87)=={54,55}
