Reading the opcodes latency info from tests/test379.dat ... Got latency for 9 opcodes
Reading the program file tests/test379.in ... Found 200 instructions
getProgDepth()==285
getDepDepth(121)==175
getInstDeps(99)=={-1,65}
getDepDepth(7)==0
getInstDeps(82)=={45,50}
getInstDeps(142)=={113,52}
getDepDepth(186)==204
getInstDeps(91)=={78,66}
getDepDepth(145)==188
getInstDeps(165)=={147,133}
getDepDepth(131)==88
getInstDeps(151)=={149,121}
getDepDepth(186)==204
getDepDepth(114)==130
getInstDeps(101)=={37,66}
getInstDeps(2)=={-1,-1}
getDepDepth(36)==7
getDepDepth(159)==178
getDepDepth(134)==205
getDepDepth(135)==86
getInstDeps(12)=={-1,4}
getDepDepth(138)==149
getDepDepth(130)==192
getInstDeps(123)=={49,97}
getDepDepth(126)==130
getInstDeps(79)=={66,73}
getDepDepth(46)==18
getDepDepth(130)==192
getInstDeps(53)=={6,39}
getInstDeps(152)=={112,148}
getDepDepth(129)==168
getInstDeps(88)=={58,86}
getInstDeps(194)=={193,193}
getInstDeps(171)=={133,126}
getInstDeps(154)=={136,144}
getDepDepth(4)==0
getInstDeps(134)=={109,125}
getInstDeps(93)=={5,70}
getInstDeps(52)=={-1,14}
getDepDepth(108)==181
getDepDepth(197)==261
getDepDepth(81)==41
getDepDepth(117)==85
getDepDepth(76)==107
getInstDeps(11)=={-1,-1}
getInstDeps(64)=={53,41}
getInstDeps(174)=={123,147}
getInstDeps(8)=={-1,-1}
getDepDepth(131)==88
getDepDepth(2)==0
getInstDeps(29)=={-1,-1}
getInstDeps(154)=={136,144}
getDepDepth(49)==18
getInstDeps(55)=={29,14}
getDepDepth(64)==38
getInstDeps(41)=={22,-1}
getInstDeps(45)=={41,14}
getInstDeps(60)=={31,34}
getInstDeps(79)=={66,73}
getDepDepth(36)==7
getInstDeps(160)=={123,126}
getDepDepth(62)==54
getDepDepth(161)==218
getDepDepth(64)==38
getInstDeps(11)=={-1,-1}
getDepDepth(79)==107
getInstDeps(73)=={70,66}
getInstDeps(120)=={49,88}
getInstDeps(74)=={66,46}
getInstDeps(58)=={52,45}
getInstDeps(167)=={147,161}
getDepDepth(33)==21
getDepDepth(120)==80
getDepDepth(26)==38
getDepDepth(178)==198
getDepDepth(116)==149
getInstDeps(193)=={179,158}
getDepDepth(92)==85
getDepDepth(28)==57
getDepDepth(108)==181
getDepDepth(131)==88
getInstDeps(20)=={-1,19}
getDepDepth(135)==86
getDepDepth(175)==198
getInstDeps(62)=={46,48}
getInstDeps(46)=={43,-1}
getDepDepth(62)==54
getInstDeps(63)=={52,46}
getDepDepth(24)==23
getDepDepth(81)==41
getDepDepth(55)==21
getDepDepth(179)==137
getInstDeps(1)=={-1,-1}
getInstDeps(161)=={149,150}
getInstDeps(129)=={116,37}
getInstDeps(146)=={141,112}
getDepDepth(161)==218
getInstDeps(66)=={59,62}
getDepDepth(98)==26
getDepDepth(151)==218
getDepDepth(137)==171
getInstDeps(1)=={-1,-1}
getDepDepth(132)==141
getInstDeps(176)=={159,78}
getDepDepth(177)==83
getInstDeps(36)=={29,-1}
getDepDepth(84)==124
getDepDepth(135)==86
getDepDepth(109)==188
getDepDepth(192)==278
getDepDepth(185)==183
getDepDepth(161)==218
getInstDeps(120)=={49,88}
getInstDeps(95)=={93,78}
getInstDeps(4)=={-1,-1}
getDepDepth(110)==130
getDepDepth(123)==170
getInstDeps(22)=={6,-1}
getInstDeps(44)=={11,6}
getDepDepth(89)==107
getDepDepth(56)==21
getDepDepth(119)==170
getDepDepth(67)==22
getInstDeps(29)=={-1,-1}
getDepDepth(97)==147
getDepDepth(148)==175
getInstDeps(106)=={80,87}
getInstDeps(195)=={174,160}
getDepDepth(39)==20
getInstDeps(115)=={78,76}
getDepDepth(133)==149
getDepDepth(188)==218
getDepDepth(146)==194
getInstDeps(45)=={41,14}
getDepDepth(130)==192
getDepDepth(62)==54
getDepDepth(65)==63
getDepDepth(179)==137
getDepDepth(30)==38
getInstDeps(51)=={37,-1}
getInstDeps(74)=={66,46}
getDepDepth(137)==171
getInstDeps(61)=={11,52}
getInstDeps(10)=={-1,-1}
getInstDeps(191)=={133,162}
getInstDeps(193)=={179,158}
getInstDeps(30)=={6,21}
getInstDeps(186)=={180,179}
getDepDepth(91)==86
