Reading the opcodes latency info from tests/test64.dat ... Got latency for 9 opcodes
Reading the program file tests/test64.in ... Found 200 instructions
getProgDepth()==212
getDepDepth(89)==62
getInstDeps(32)=={-1,15}
getInstDeps(44)=={9,19}
getDepDepth(128)==140
getDepDepth(60)==45
getDepDepth(60)==45
getInstDeps(110)=={69,93}
getDepDepth(111)==138
getInstDeps(148)=={133,128}
getInstDeps(179)=={154,106}
getDepDepth(156)==85
getInstDeps(49)=={-1,48}
getInstDeps(128)=={118,107}
getInstDeps(75)=={73,53}
getDepDepth(150)==152
getInstDeps(2)=={-1,-1}
getDepDepth(12)==0
getInstDeps(141)=={44,107}
getDepDepth(66)==88
getDepDepth(126)==136
getInstDeps(173)=={106,8}
getInstDeps(180)=={171,161}
getInstDeps(117)=={96,97}
getDepDepth(79)==76
getDepDepth(168)==179
getInstDeps(13)=={-1,-1}
getInstDeps(33)=={27,23}
getInstDeps(125)=={124,99}
getInstDeps(145)=={135,135}
getDepDepth(64)==59
getInstDeps(89)=={52,80}
getInstDeps(127)=={124,66}
getInstDeps(26)=={17,-1}
getInstDeps(182)=={171,123}
getDepDepth(47)==41
getDepDepth(9)==2
getInstDeps(147)=={128,133}
getDepDepth(33)==52
getInstDeps(23)=={21,-1}
getDepDepth(131)==143
getDepDepth(89)==62
getDepDepth(145)==146
getDepDepth(89)==62
getInstDeps(14)=={-1,9}
getDepDepth(184)==185
getInstDeps(76)=={71,32}
getDepDepth(169)==185
getInstDeps(36)=={-1,28}
getDepDepth(152)==159
getInstDeps(91)=={40,74}
getDepDepth(137)==148
getInstDeps(46)=={44,8}
getDepDepth(116)==138
getInstDeps(98)=={74,81}
getDepDepth(61)==48
getDepDepth(167)==104
getDepDepth(95)==100
getDepDepth(144)==117
getDepDepth(54)==78
getInstDeps(177)=={88,127}
getDepDepth(129)==83
getInstDeps(71)=={-1,51}
getDepDepth(81)==54
getInstDeps(78)=={58,40}
getInstDeps(16)=={8,13}
getDepDepth(94)==125
getDepDepth(149)==143
getInstDeps(75)=={73,53}
getInstDeps(144)=={113,123}
getDepDepth(36)==11
getInstDeps(164)=={105,89}
getInstDeps(119)=={96,114}
getDepDepth(173)==136
getInstDeps(150)=={146,140}
getInstDeps(97)=={60,69}
getInstDeps(96)=={19,56}
getDepDepth(181)==151
getInstDeps(89)=={52,80}
getInstDeps(71)=={-1,51}
getDepDepth(177)==141
getDepDepth(90)==76
getInstDeps(86)=={74,67}
getInstDeps(159)=={148,153}
getInstDeps(174)=={104,8}
getInstDeps(176)=={145,154}
getInstDeps(97)=={60,69}
getInstDeps(56)=={45,50}
getDepDepth(11)==0
getInstDeps(3)=={-1,-1}
getDepDepth(74)==53
getInstDeps(97)=={60,69}
getDepDepth(173)==136
getInstDeps(149)=={113,139}
getDepDepth(166)==141
getDepDepth(87)==62
getInstDeps(81)=={52,25}
getDepDepth(156)==85
getInstDeps(95)=={70,85}
getDepDepth(83)==62
getDepDepth(133)==122
getDepDepth(53)==88
getInstDeps(119)=={96,114}
getDepDepth(190)==192
getDepDepth(150)==152
getInstDeps(10)=={-1,-1}
getDepDepth(151)==143
getDepDepth(105)==131
getDepDepth(139)==138
getInstDeps(123)=={120,90}
getInstDeps(149)=={113,139}
getInstDeps(192)=={165,168}
getDepDepth(166)==141
getInstDeps(70)=={67,68}
getInstDeps(82)=={40,53}
getDepDepth(55)==59
getInstDeps(134)=={126,80}
getInstDeps(183)=={181,164}
getInstDeps(195)=={141,187}
getInstDeps(154)=={128,105}
getInstDeps(170)=={44,134}
getInstDeps(37)=={25,32}
getDepDepth(93)==112
getDepDepth(89)==62
getInstDeps(145)=={135,135}
getDepDepth(66)==88
getInstDeps(10)=={-1,-1}
getInstDeps(13)=={-1,-1}
getDepDepth(93)==112
getInstDeps(20)=={-1,9}
getInstDeps(189)=={179,163}
getInstDeps(105)=={103,102}
getInstDeps(126)=={88,106}
getDepDepth(24)==24
getInstDeps(2)=={-1,-1}
getDepDepth(107)==127
getInstDeps(98)=={74,81}
getDepDepth(158)==159
getDepDepth(149)==143
getInstDeps(163)=={105,143}
getInstDeps(125)=={124,99}
getDepDepth(169)==185
getDepDepth(161)==102
getInstDeps(143)=={44,137}
