Reading the opcodes latency info from tests/test169.dat ... Got latency for 9 opcodes
Reading the program file tests/test169.in ... Found 200 instructions
getProgDepth()==200
getInstDeps(144)=={135,126}
getDepDepth(84)==54
getInstDeps(192)=={113,174}
getDepDepth(85)==53
getDepDepth(145)==105
getInstDeps(34)=={-1,-1}
getDepDepth(196)==137
getDepDepth(141)==125
getInstDeps(42)=={24,24}
getDepDepth(101)==75
getDepDepth(120)==84
getDepDepth(55)==30
getDepDepth(139)==97
getDepDepth(86)==46
getInstDeps(15)=={-1,-1}
getInstDeps(147)=={126,135}
getInstDeps(195)=={189,181}
getDepDepth(102)==77
getInstDeps(9)=={-1,-1}
getDepDepth(0)==0
getDepDepth(151)==100
getDepDepth(88)==56
getDepDepth(73)==73
getInstDeps(38)=={14,25}
getDepDepth(82)==38
getDepDepth(62)==11
getDepDepth(125)==125
getInstDeps(112)=={79,33}
getInstDeps(190)=={152,121}
getInstDeps(42)=={24,24}
getInstDeps(3)=={-1,2}
getDepDepth(149)==125
getInstDeps(95)=={69,64}
getInstDeps(150)=={134,127}
getInstDeps(26)=={-1,-1}
getInstDeps(186)=={153,162}
getDepDepth(37)==21
getDepDepth(64)==82
getInstDeps(37)=={10,25}
getDepDepth(66)==54
getInstDeps(105)=={78,101}
getDepDepth(2)==0
getDepDepth(64)==82
getInstDeps(24)=={-1,23}
getInstDeps(156)=={129,61}
getInstDeps(126)=={100,122}
getInstDeps(56)=={46,47}
getDepDepth(172)==159
getInstDeps(57)=={43,55}
getInstDeps(58)=={-1,47}
getDepDepth(148)==56
getDepDepth(153)==144
getInstDeps(42)=={24,24}
getInstDeps(176)=={174,133}
getInstDeps(82)=={28,50}
getInstDeps(53)=={49,48}
getInstDeps(137)=={114,113}
getInstDeps(129)=={117,79}
getDepDepth(82)==38
getDepDepth(16)==2
getDepDepth(20)==2
getDepDepth(96)==93
getInstDeps(150)=={134,127}
getDepDepth(172)==159
getInstDeps(0)=={-1,-1}
getDepDepth(198)==158
getInstDeps(76)=={10,64}
getDepDepth(62)==11
getInstDeps(106)=={73,103}
getDepDepth(115)==108
getInstDeps(105)=={78,101}
getDepDepth(166)==125
getDepDepth(162)==118
getInstDeps(177)=={159,113}
getInstDeps(53)=={49,48}
getInstDeps(23)=={-1,2}
getDepDepth(153)==144
getInstDeps(108)=={99,88}
getInstDeps(84)=={10,57}
getDepDepth(81)==33
getDepDepth(136)==118
getInstDeps(190)=={152,121}
getDepDepth(181)==125
getInstDeps(165)=={-1,155}
getInstDeps(115)=={94,114}
getInstDeps(126)=={100,122}
getDepDepth(53)==41
getDepDepth(191)==153
getDepDepth(195)==164
getDepDepth(196)==137
getDepDepth(125)==125
getInstDeps(119)=={79,112}
