Reading the opcodes latency info from tests/test329.dat ... Got latency for 9 opcodes
Reading the program file tests/test329.in ... Found 200 instructions
getProgDepth()==241
getDepDepth(28)==65
getInstDeps(128)=={109,89}
getInstDeps(69)=={12,34}
getInstDeps(57)=={22,45}
getInstDeps(8)=={-1,-1}
getInstDeps(3)=={-1,-1}
getDepDepth(22)==39
getDepDepth(87)==82
getDepDepth(59)==39
getDepDepth(39)==58
getInstDeps(67)=={56,-1}
getDepDepth(198)==218
getInstDeps(130)=={67,109}
getDepDepth(83)==82
getInstDeps(111)=={105,110}
getDepDepth(125)==169
getDepDepth(177)==205
getDepDepth(90)==89
getInstDeps(95)=={84,-1}
getInstDeps(18)=={4,9}
getInstDeps(57)=={22,45}
getDepDepth(79)==93
getDepDepth(170)==182
getDepDepth(13)==22
getDepDepth(69)==56
getInstDeps(52)=={8,41}
getDepDepth(178)==181
getDepDepth(52)==18
getDepDepth(54)==74
getDepDepth(108)==80
getDepDepth(127)==169
getInstDeps(128)=={109,89}
getDepDepth(190)==195
getInstDeps(48)=={33,4}
getDepDepth(52)==18
getInstDeps(151)=={114,145}
getDepDepth(33)==7
getInstDeps(140)=={113,89}
getDepDepth(194)==193
getDepDepth(56)==41
getDepDepth(39)==58
getInstDeps(190)=={182,178}
getInstDeps(63)=={34,45}
getDepDepth(123)==124
getDepDepth(6)==5
getDepDepth(40)==14
getInstDeps(110)=={69,34}
getInstDeps(179)=={166,169}
getInstDeps(133)=={60,129}
getDepDepth(164)==131
getInstDeps(183)=={164,140}
getInstDeps(99)=={60,87}
getDepDepth(1)==0
getInstDeps(172)=={148,148}
getInstDeps(37)=={0,16}
getDepDepth(81)==81
getDepDepth(192)==193
getInstDeps(33)=={-1,4}
getDepDepth(110)==67
getDepDepth(84)==88
getDepDepth(151)==150
getDepDepth(146)==157
getDepDepth(90)==89
getInstDeps(136)=={98,89}
getDepDepth(128)==137
getDepDepth(136)==124
getDepDepth(49)==13
getDepDepth(17)==0
getDepDepth(90)==89
getInstDeps(43)=={24,-1}
getInstDeps(124)=={108,121}
getDepDepth(24)==65
getInstDeps(64)=={63,63}
getDepDepth(139)==100
