Reading the opcodes latency info from tests/test57.dat ... Got latency for 9 opcodes
Reading the program file tests/test57.in ... Found 200 instructions
getProgDepth()==232
getInstDeps(139)=={133,134}
getInstDeps(147)=={94,112}
getDepDepth(190)==78
getDepDepth(166)==106
getDepDepth(156)==106
getInstDeps(138)=={103,97}
getInstDeps(63)=={-1,47}
getDepDepth(124)==119
getInstDeps(79)=={47,-1}
getInstDeps(155)=={107,152}
getDepDepth(101)==45
getInstDeps(186)=={184,141}
getInstDeps(31)=={24,26}
getDepDepth(37)==30
getDepDepth(42)==54
getInstDeps(133)=={130,75}
getInstDeps(114)=={110,89}
getDepDepth(32)==0
getDepDepth(66)==45
getDepDepth(199)==183
getDepDepth(187)==196
getInstDeps(102)=={69,50}
getInstDeps(149)=={94,131}
getDepDepth(18)==23
getDepDepth(17)==17
getDepDepth(48)==43
getInstDeps(61)=={36,-1}
getInstDeps(3)=={-1,-1}
getInstDeps(93)=={73,80}
getDepDepth(41)==36
getDepDepth(3)==0
getInstDeps(146)=={137,109}
getDepDepth(147)==102
getInstDeps(161)=={97,107}
getDepDepth(4)==0
getDepDepth(131)==139
getInstDeps(104)=={-1,69}
getDepDepth(8)==17
getInstDeps(17)=={7,-1}
getInstDeps(24)=={-1,7}
getInstDeps(90)=={68,85}
getDepDepth(5)==0
getInstDeps(15)=={-1,-1}
getInstDeps(29)=={18,-1}
getDepDepth(54)==38
getDepDepth(32)==0
getInstDeps(30)=={-1,15}
getInstDeps(116)=={95,102}
getDepDepth(113)==72
getDepDepth(163)==77
getDepDepth(194)==178
getDepDepth(173)==106
getDepDepth(2)==5
getDepDepth(81)==60
getDepDepth(21)==24
getInstDeps(72)=={50,42}
getInstDeps(181)=={82,178}
getInstDeps(80)=={50,75}
getInstDeps(171)=={154,166}
getInstDeps(113)=={89,101}
getDepDepth(71)==44
getInstDeps(16)=={-1,8}
getDepDepth(162)==77
getDepDepth(170)==201
getDepDepth(189)==165
getDepDepth(98)==78
getDepDepth(132)==139
getDepDepth(82)==43
getInstDeps(22)=={20,7}
getDepDepth(110)==120
getDepDepth(79)==42
getInstDeps(36)=={16,11}
getInstDeps(142)=={50,89}
getInstDeps(118)=={109,101}
getDepDepth(46)==20
getDepDepth(75)==53
getInstDeps(75)=={45,50}
getInstDeps(34)=={-1,2}
getDepDepth(20)==23
getInstDeps(130)=={101,129}
getDepDepth(165)==79
getDepDepth(71)==44
getInstDeps(2)=={0,-1}
getDepDepth(29)==30
getDepDepth(195)==178
getDepDepth(33)==43
getDepDepth(147)==102
getInstDeps(117)=={72,102}
getInstDeps(103)=={86,86}
getInstDeps(156)=={105,108}
getInstDeps(88)=={51,80}
getInstDeps(177)=={118,151}
getInstDeps(105)=={89,82}
getDepDepth(91)==43
getDepDepth(128)==48
getInstDeps(74)=={44,37}
getInstDeps(165)=={145,97}
getInstDeps(74)=={44,37}
getInstDeps(102)=={69,50}
getDepDepth(125)==95
getDepDepth(198)==204
getDepDepth(139)==183
getDepDepth(131)==139
getDepDepth(33)==43
getInstDeps(81)=={-1,78}
getInstDeps(54)=={26,21}
getInstDeps(39)=={13,-1}
getInstDeps(46)=={30,8}
getInstDeps(7)=={-1,-1}
getDepDepth(151)==107
getDepDepth(6)==0
getInstDeps(93)=={73,80}
getInstDeps(69)=={63,49}
getInstDeps(52)=={43,37}
getDepDepth(7)==0
getInstDeps(39)=={13,-1}
getInstDeps(66)=={59,37}
getDepDepth(27)==30
getInstDeps(124)=={123,117}
getDepDepth(52)==37
getInstDeps(138)=={103,97}
getDepDepth(127)==93
getDepDepth(83)==71
getDepDepth(105)==72
getInstDeps(146)=={137,109}
getDepDepth(7)==0
getDepDepth(196)==170
getInstDeps(146)=={137,109}
getDepDepth(35)==36
getDepDepth(47)==37
getDepDepth(21)==24
getDepDepth(64)==45
getInstDeps(175)=={109,156}
getDepDepth(27)==30
getDepDepth(34)==10
getDepDepth(31)==38
getInstDeps(32)=={-1,-1}
getDepDepth(55)==33
