Reading the opcodes latency info from tests/test201.dat ... Got latency for 9 opcodes
Reading the program file tests/test201.in ... Found 200 instructions
getProgDepth()==249
getDepDepth(78)==13
getInstDeps(104)=={79,88}
getInstDeps(185)=={149,180}
getInstDeps(107)=={70,67}
getDepDepth(107)==102
getDepDepth(8)==0
getInstDeps(69)=={38,49}
getDepDepth(79)==97
getInstDeps(161)=={146,113}
getInstDeps(122)=={84,119}
getDepDepth(166)==206
getDepDepth(97)==183
getInstDeps(17)=={-1,1}
getInstDeps(98)=={74,-1}
getDepDepth(131)==190
getDepDepth(188)==207
getDepDepth(20)==0
getInstDeps(163)=={139,114}
getDepDepth(44)==42
getDepDepth(49)==44
getDepDepth(93)==58
getDepDepth(127)==149
getInstDeps(144)=={138,137}
getDepDepth(18)==23
getDepDepth(90)==137
getDepDepth(173)==186
getDepDepth(107)==102
getInstDeps(136)=={127,80}
getDepDepth(71)==70
getDepDepth(64)==45
getDepDepth(159)==209
getDepDepth(153)==130
getDepDepth(25)==0
getDepDepth(22)==0
getDepDepth(71)==70
getInstDeps(170)=={169,166}
getInstDeps(50)=={26,47}
getDepDepth(19)==23
getInstDeps(109)=={83,67}
getInstDeps(110)=={62,67}
getInstDeps(10)=={-1,5}
getDepDepth(81)==124
getInstDeps(115)=={80,52}
getDepDepth(146)==177
getDepDepth(91)==46
getDepDepth(4)==5
getInstDeps(171)=={136,149}
getInstDeps(12)=={1,-1}
getDepDepth(180)==141
getDepDepth(39)==7
getInstDeps(68)=={50,-1}
getDepDepth(61)==46
getDepDepth(85)==120
getDepDepth(150)==185
getDepDepth(112)==113
getDepDepth(131)==190
getDepDepth(132)==143
getInstDeps(133)=={119,62}
getInstDeps(73)=={51,63}
getDepDepth(27)==0
getInstDeps(196)=={166,167}
getInstDeps(119)=={76,-1}
getInstDeps(101)=={96,71}
getInstDeps(15)=={-1,-1}
getInstDeps(55)=={53,45}
getInstDeps(25)=={-1,-1}
getDepDepth(48)==78
getDepDepth(18)==23
getDepDepth(88)==48
getDepDepth(90)==137
getDepDepth(57)==46
getInstDeps(123)=={119,56}
getInstDeps(2)=={1,1}
getInstDeps(62)=={49,54}
getDepDepth(177)==183
getDepDepth(25)==0
getInstDeps(152)=={113,148}
getDepDepth(16)==0
getDepDepth(64)==45
getInstDeps(74)=={71,66}
getDepDepth(4)==5
getInstDeps(113)=={99,110}
getDepDepth(89)==183
getInstDeps(53)=={46,26}
getDepDepth(188)==207
getInstDeps(20)=={-1,-1}
getInstDeps(25)=={-1,-1}
getInstDeps(90)=={77,81}
getDepDepth(92)==127
getDepDepth(167)==196
getDepDepth(167)==196
getInstDeps(9)=={-1,6}
getDepDepth(39)==7
getInstDeps(191)=={169,135}
getInstDeps(72)=={39,13}
getDepDepth(26)==0
getDepDepth(102)==144
getInstDeps(99)=={76,49}
getInstDeps(45)=={14,25}
getDepDepth(161)==194
getInstDeps(148)=={113,146}
getInstDeps(123)=={119,56}
getDepDepth(151)==165
getDepDepth(69)==46
getInstDeps(42)=={41,-1}
getDepDepth(169)==190
getInstDeps(101)=={96,71}
getDepDepth(26)==0
getInstDeps(6)=={-1,-1}
getInstDeps(55)=={53,45}
getDepDepth(77)==120
getDepDepth(169)==190
getDepDepth(37)==69
getDepDepth(36)==26
getInstDeps(19)=={6,-1}
getDepDepth(48)==78
getDepDepth(102)==144
getDepDepth(85)==120
getInstDeps(161)=={146,113}
getDepDepth(153)==130
getInstDeps(174)=={163,151}
getInstDeps(167)=={137,161}
getInstDeps(49)=={23,41}
getDepDepth(20)==0
getInstDeps(166)=={165,161}
getInstDeps(164)=={154,155}
getInstDeps(136)=={127,80}
