Reading the opcodes latency info from tests/test263.dat ... Got latency for 9 opcodes
Reading the program file tests/test263.in ... Found 200 instructions
getProgDepth()==319
getDepDepth(131)==206
getDepDepth(126)==206
getDepDepth(157)==271
getDepDepth(6)==19
getDepDepth(142)==232
getDepDepth(93)==146
getInstDeps(104)=={53,27}
getInstDeps(37)=={5,-1}
getInstDeps(4)=={-1,-1}
getDepDepth(116)==209
getDepDepth(28)==18
getDepDepth(63)==84
getDepDepth(90)==74
getDepDepth(91)==39
getInstDeps(49)=={24,30}
getInstDeps(39)=={9,34}
getDepDepth(42)==53
getDepDepth(144)==209
getInstDeps(155)=={10,144}
getDepDepth(23)==18
getDepDepth(102)==54
getDepDepth(9)==23
getDepDepth(43)==38
getInstDeps(79)=={70,10}
getInstDeps(45)=={-1,-1}
getDepDepth(162)==247
getInstDeps(112)=={48,27}
getInstDeps(85)=={48,71}
getInstDeps(132)=={46,126}
getInstDeps(26)=={25,-1}
getInstDeps(30)=={18,10}
getDepDepth(43)==38
getInstDeps(23)=={18,-1}
getInstDeps(110)=={104,86}
getInstDeps(49)=={24,30}
getDepDepth(171)==160
getInstDeps(88)=={10,30}
getInstDeps(26)=={25,-1}
getDepDepth(50)==53
getInstDeps(141)=={127,108}
getInstDeps(8)=={5,-1}
getInstDeps(70)=={69,63}
getDepDepth(36)==0
getDepDepth(37)==36
getDepDepth(176)==222
getInstDeps(46)=={-1,36}
getDepDepth(25)==40
getDepDepth(126)==206
getDepDepth(10)==23
getInstDeps(100)=={96,53}
getDepDepth(48)==26
getInstDeps(159)=={104,144}
getDepDepth(25)==40
getInstDeps(115)=={100,60}
getDepDepth(158)==155
getDepDepth(100)==180
getInstDeps(67)=={24,8}
getDepDepth(41)==15
getInstDeps(180)=={27,168}
getInstDeps(162)=={154,106}
getInstDeps(51)=={24,38}
getDepDepth(163)==104
getDepDepth(113)==182
getInstDeps(16)=={14,-1}
getDepDepth(185)==222
getDepDepth(148)==157
getInstDeps(92)=={27,0}
getInstDeps(118)=={0,109}
getDepDepth(67)==38
getDepDepth(80)==72
getDepDepth(156)==209
getDepDepth(103)==108
getInstDeps(162)=={154,106}
getInstDeps(154)=={144,131}
getDepDepth(75)==91
getDepDepth(176)==222
getDepDepth(191)==247
getDepDepth(46)==5
getInstDeps(190)=={108,157}
getDepDepth(36)==0
getDepDepth(68)==57
getInstDeps(12)=={-1,-1}
getDepDepth(49)==51
getInstDeps(106)=={53,91}
getDepDepth(55)==40
getDepDepth(92)==79
getInstDeps(16)=={14,-1}
getInstDeps(149)=={144,144}
getDepDepth(36)==0
getDepDepth(81)==52
getDepDepth(75)==91
getInstDeps(137)=={66,104}
getDepDepth(194)==275
getDepDepth(122)==187
getInstDeps(99)=={48,10}
getDepDepth(141)==155
getDepDepth(66)==57
getDepDepth(134)==203
