Reading the opcodes latency info from tests/test347.dat ... Got latency for 9 opcodes
Reading the program file tests/test347.in ... Found 200 instructions
getProgDepth()==238
getInstDeps(121)=={119,120}
getDepDepth(64)==71
getInstDeps(48)=={21,-1}
getInstDeps(42)=={37,24}
getInstDeps(89)=={76,36}
getDepDepth(114)==54
getDepDepth(36)==33
getInstDeps(114)=={102,4}
getInstDeps(35)=={16,25}
getDepDepth(167)==135
getInstDeps(58)=={-1,41}
getDepDepth(197)==138
getInstDeps(95)=={91,29}
getDepDepth(47)==52
getDepDepth(8)==23
getInstDeps(112)=={96,99}
getInstDeps(24)=={3,13}
getInstDeps(183)=={174,166}
getInstDeps(30)=={21,13}
getDepDepth(82)==92
getInstDeps(176)=={155,167}
getInstDeps(197)=={178,167}
getDepDepth(195)==219
getInstDeps(174)=={161,105}
getInstDeps(48)=={21,-1}
getDepDepth(28)==5
getInstDeps(5)=={2,-1}
getDepDepth(35)==39
getDepDepth(150)==132
getInstDeps(125)=={120,120}
getDepDepth(182)==150
getDepDepth(150)==132
getDepDepth(46)==13
getDepDepth(105)==84
getDepDepth(172)==135
getInstDeps(135)=={134,122}
getDepDepth(79)==67
getDepDepth(10)==23
getInstDeps(148)=={140,131}
getInstDeps(40)=={-1,-1}
getDepDepth(31)==28
getInstDeps(173)=={99,152}
getDepDepth(151)==110
getDepDepth(84)==62
getInstDeps(18)=={-1,10}
getInstDeps(90)=={4,84}
getInstDeps(135)=={134,122}
getInstDeps(167)=={145,150}
getDepDepth(40)==0
getDepDepth(124)==121
getDepDepth(196)==200
getDepDepth(144)==129
getDepDepth(127)==93
getDepDepth(158)==131
getInstDeps(50)=={3,34}
getInstDeps(185)=={174,171}
getDepDepth(53)==66
getDepDepth(177)==145
getInstDeps(87)=={79,85}
getDepDepth(16)==0
getInstDeps(93)=={79,31}
getDepDepth(115)==113
getInstDeps(43)=={-1,42}
getInstDeps(69)=={61,54}
getDepDepth(165)==136
getDepDepth(194)==163
getInstDeps(155)=={89,124}
getDepDepth(130)==90
getInstDeps(98)=={29,94}
getInstDeps(147)=={146,112}
getInstDeps(175)=={161,170}
getInstDeps(110)=={96,27}
getDepDepth(60)==64
getDepDepth(176)==138
getInstDeps(184)=={157,139}
getDepDepth(169)==151
getInstDeps(51)=={31,49}
getDepDepth(46)==13
getDepDepth(158)==131
getInstDeps(105)=={88,42}
getInstDeps(19)=={-1,-1}
getDepDepth(116)==113
getInstDeps(137)=={119,93}
getInstDeps(151)=={138,134}
getDepDepth(138)==75
getInstDeps(151)=={138,134}
getInstDeps(156)=={101,143}
getDepDepth(191)==219
getInstDeps(190)=={139,187}
getDepDepth(165)==136
getInstDeps(76)=={37,31}
getDepDepth(97)==104
getInstDeps(123)=={112,105}
getInstDeps(173)=={99,152}
getInstDeps(49)=={31,34}
getDepDepth(93)==86
getInstDeps(148)=={140,131}
getDepDepth(180)==145
getInstDeps(80)=={36,64}
getInstDeps(95)=={91,29}
getDepDepth(107)==54
getDepDepth(67)==108
getInstDeps(48)=={21,-1}
getInstDeps(9)=={-1,1}
getDepDepth(134)==99
getDepDepth(50)==53
getDepDepth(31)==28
getDepDepth(85)==65
getInstDeps(148)=={140,131}
getInstDeps(90)=={4,84}
getDepDepth(168)==207
getDepDepth(189)==143
getDepDepth(95)==99
getInstDeps(10)=={1,-1}
getInstDeps(151)=={138,134}
getInstDeps(31)=={24,27}
getInstDeps(74)=={54,40}
getDepDepth(47)==52
getInstDeps(90)=={4,84}
getInstDeps(16)=={-1,-1}
getInstDeps(31)=={24,27}
getInstDeps(62)=={41,56}
getDepDepth(84)==62
getDepDepth(144)==129
getInstDeps(49)=={31,34}
getInstDeps(188)=={179,155}
getDepDepth(36)==33
getInstDeps(138)=={38,89}
getDepDepth(197)==138
getInstDeps(179)=={130,173}
getDepDepth(101)==122
getDepDepth(9)==23
getDepDepth(6)==5
getInstDeps(92)=={-1,3}
getDepDepth(106)==90
getDepDepth(114)==54
getInstDeps(129)=={-1,38}
getInstDeps(75)=={31,55}
getInstDeps(139)=={105,89}
getDepDepth(176)==138
getDepDepth(105)==84
getDepDepth(9)==23
getInstDeps(122)=={103,107}
getInstDeps(162)=={140,160}
getInstDeps(37)=={-1,27}
getInstDeps(102)=={-1,37}
getInstDeps(47)=={36,-1}
getDepDepth(62)==58
