Reading the opcodes latency info from tests/test122.dat ... Got latency for 9 opcodes
Reading the program file tests/test122.in ... Found 200 instructions
getProgDepth()==272
getDepDepth(85)==57
getInstDeps(128)=={99,120}
getDepDepth(191)==250
getDepDepth(192)==188
getDepDepth(8)==0
getDepDepth(184)==199
getInstDeps(58)=={42,20}
getDepDepth(59)==49
getDepDepth(115)==90
getInstDeps(39)=={33,38}
getDepDepth(99)==73
getDepDepth(16)==17
getDepDepth(106)==97
getDepDepth(101)==57
getDepDepth(69)==55
getDepDepth(121)==69
getDepDepth(72)==35
getDepDepth(12)==0
getDepDepth(185)==232
getDepDepth(48)==2
getDepDepth(156)==164
getDepDepth(87)==100
getDepDepth(100)==64
getDepDepth(187)==227
getDepDepth(82)==67
getInstDeps(72)=={50,56}
getInstDeps(153)=={150,148}
getDepDepth(93)==68
getInstDeps(43)=={-1,40}
getInstDeps(100)=={61,62}
getInstDeps(105)=={-1,92}
getInstDeps(73)=={30,62}
getDepDepth(129)==131
getInstDeps(169)=={160,152}
getInstDeps(138)=={82,107}
getDepDepth(77)==62
getInstDeps(37)=={-1,10}
getDepDepth(72)==35
getDepDepth(145)==115
getInstDeps(143)=={135,108}
getDepDepth(31)==7
getDepDepth(137)==80
getInstDeps(170)=={99,164}
getInstDeps(194)=={158,185}
getInstDeps(149)=={99,87}
getInstDeps(93)=={-1,91}
getDepDepth(23)==41
getInstDeps(2)=={-1,-1}
getInstDeps(132)=={131,110}
getInstDeps(167)=={159,154}
getDepDepth(169)==206
getInstDeps(16)=={3,12}
getDepDepth(180)==232
getDepDepth(47)==4
getDepDepth(42)==36
getDepDepth(107)==112
getDepDepth(198)==255
getInstDeps(96)=={66,73}
getInstDeps(101)=={54,28}
getInstDeps(123)=={92,59}
getInstDeps(132)=={131,110}
getInstDeps(20)=={-1,19}
getInstDeps(94)=={72,72}
getDepDepth(31)==7
getDepDepth(45)==23
getInstDeps(190)=={152,185}
getDepDepth(122)==131
getInstDeps(118)=={116,88}
getInstDeps(18)=={3,7}
getInstDeps(95)=={51,59}
getInstDeps(15)=={-1,-1}
getInstDeps(71)=={48,36}
getInstDeps(92)=={59,76}
getInstDeps(50)=={20,-1}
getDepDepth(92)==62
getDepDepth(48)==2
getDepDepth(49)==49
getDepDepth(123)==73
getDepDepth(78)==49
getDepDepth(47)==4
getInstDeps(174)=={169,152}
getDepDepth(168)==205
getDepDepth(80)==72
getDepDepth(32)==7
getDepDepth(69)==55
getDepDepth(80)==72
getInstDeps(129)=={83,116}
getInstDeps(97)=={58,95}
getDepDepth(191)==250
getDepDepth(194)==251
getDepDepth(30)==4
getDepDepth(48)==2
getDepDepth(16)==17
getInstDeps(76)=={50,50}
getDepDepth(134)==117
getInstDeps(71)=={48,36}
getDepDepth(111)==108
getInstDeps(97)=={58,95}
getInstDeps(55)=={53,41}
getDepDepth(36)==23
getInstDeps(29)=={-1,19}
getInstDeps(109)=={90,88}
getDepDepth(34)==17
getDepDepth(97)==67
getDepDepth(166)==194
getInstDeps(41)=={32,-1}
getDepDepth(30)==4
getDepDepth(8)==0
getDepDepth(132)==148
getDepDepth(92)==62
getInstDeps(60)=={58,-1}
getDepDepth(176)==209
getDepDepth(95)==62
getDepDepth(99)==73
getInstDeps(75)=={56,66}
getDepDepth(197)==253
getDepDepth(171)==224
getDepDepth(12)==0
