Reading the opcodes latency info from tests/test8.dat ... Got latency for 9 opcodes
Reading the program file tests/test8.in ... Found 200 instructions
getProgDepth()==297
getInstDeps(70)=={59,62}
getDepDepth(75)==93
getInstDeps(51)=={48,-1}
getDepDepth(102)==102
getDepDepth(114)==131
getDepDepth(127)==116
getDepDepth(121)==95
getDepDepth(198)==273
getInstDeps(11)=={6,-1}
getDepDepth(86)==91
getInstDeps(113)=={101,95}
getDepDepth(82)==91
getInstDeps(104)=={80,98}
getInstDeps(1)=={-1,-1}
getDepDepth(166)==211
getDepDepth(20)==19
getInstDeps(157)=={136,82}
getDepDepth(78)==101
getInstDeps(18)=={-1,-1}
getDepDepth(129)==116
getInstDeps(9)=={6,-1}
getInstDeps(154)=={97,148}
getInstDeps(73)=={20,61}
getInstDeps(156)=={115,150}
getDepDepth(167)==165
getInstDeps(51)=={48,-1}
getInstDeps(2)=={-1,-1}
getDepDepth(59)==51
getDepDepth(9)==24
getInstDeps(33)=={28,-1}
getDepDepth(69)==78
getInstDeps(146)=={121,144}
getDepDepth(47)==50
getDepDepth(191)==253
getInstDeps(64)=={-1,-1}
getInstDeps(141)=={136,97}
getDepDepth(156)==165
getDepDepth(17)==27
getInstDeps(20)=={8,-1}
getInstDeps(145)=={114,121}
getDepDepth(51)==76
getDepDepth(157)==127
getDepDepth(9)==24
getDepDepth(149)==194
getDepDepth(95)==81
getDepDepth(74)==80
getDepDepth(1)==0
getInstDeps(196)=={174,186}
getInstDeps(21)=={-1,17}
getDepDepth(15)==23
getDepDepth(156)==165
getDepDepth(158)==167
getDepDepth(87)==98
getInstDeps(48)=={35,17}
getInstDeps(95)=={41,94}
getDepDepth(199)==286
getInstDeps(29)=={26,12}
getDepDepth(85)==59
getInstDeps(92)=={78,82}
getDepDepth(122)==116
getInstDeps(80)=={77,66}
getDepDepth(165)==188
getDepDepth(39)==42
getInstDeps(190)=={174,185}
getInstDeps(162)=={108,150}
getInstDeps(153)=={151,146}
