Reading the opcodes latency info from tests/test4.dat ... Got latency for 9 opcodes
Reading the program file tests/test4.in ... Found 200 instructions
getProgDepth()==214
getInstDeps(41)=={23,22}
getInstDeps(88)=={49,49}
getInstDeps(150)=={88,129}
getDepDepth(83)==70
getDepDepth(121)==114
getInstDeps(21)=={17,14}
getInstDeps(76)=={58,69}
getDepDepth(175)==176
getDepDepth(106)==111
getInstDeps(98)=={76,17}
getInstDeps(182)=={165,135}
getInstDeps(127)=={95,122}
getInstDeps(177)=={161,162}
getDepDepth(87)==62
getInstDeps(196)=={189,178}
getDepDepth(151)==139
getDepDepth(105)==79
getDepDepth(74)==53
getDepDepth(129)==111
getDepDepth(125)==111
getDepDepth(113)==84
getDepDepth(92)==79
getInstDeps(171)=={99,124}
getInstDeps(38)=={-1,11}
getInstDeps(23)=={11,11}
getDepDepth(180)==126
getInstDeps(23)=={11,11}
getDepDepth(141)==78
getInstDeps(19)=={-1,-1}
getDepDepth(147)==98
getDepDepth(108)==77
getDepDepth(128)==129
getInstDeps(103)=={62,84}
getInstDeps(76)=={58,69}
getInstDeps(129)=={119,113}
getInstDeps(13)=={-1,10}
getDepDepth(116)==96
getInstDeps(101)=={79,77}
getInstDeps(67)=={34,-1}
getDepDepth(188)==180
getDepDepth(50)==58
getDepDepth(135)==111
getDepDepth(140)==130
getInstDeps(48)=={28,21}
getInstDeps(129)=={119,113}
getDepDepth(10)==0
getDepDepth(185)==153
getInstDeps(123)=={115,103}
getInstDeps(82)=={68,65}
getInstDeps(164)=={163,160}
getDepDepth(195)==195
getDepDepth(107)==86
