Reading the opcodes latency info from tests/test70.dat ... Got latency for 9 opcodes
Reading the program file tests/test70.in ... Found 200 instructions
getProgDepth()==296
getDepDepth(88)==38
getInstDeps(17)=={-1,-1}
getDepDepth(195)==191
getInstDeps(112)=={32,107}
getInstDeps(39)=={19,23}
getInstDeps(193)=={187,171}
getInstDeps(109)=={32,65}
getDepDepth(15)==19
getDepDepth(26)==9
getDepDepth(40)==39
getInstDeps(197)=={170,152}
getInstDeps(143)=={82,130}
getInstDeps(162)=={154,83}
getInstDeps(96)=={85,62}
getInstDeps(91)=={67,80}
getDepDepth(14)==2
getInstDeps(25)=={-1,15}
getDepDepth(126)==172
getDepDepth(125)==65
getInstDeps(193)=={187,171}
getDepDepth(23)==0
getInstDeps(90)=={50,54}
getInstDeps(6)=={-1,-1}
getDepDepth(3)==17
getInstDeps(182)=={176,173}
getInstDeps(71)=={67,70}
getInstDeps(168)=={142,141}
getDepDepth(35)==41
getDepDepth(113)==148
getDepDepth(80)==71
getInstDeps(58)=={53,51}
getDepDepth(4)==0
getInstDeps(23)=={-1,-1}
getInstDeps(114)=={110,95}
getDepDepth(47)==65
getDepDepth(185)==266
getInstDeps(177)=={119,170}
getDepDepth(80)==71
getDepDepth(27)==24
getDepDepth(24)==21
getInstDeps(124)=={122,118}
getInstDeps(74)=={59,-1}
getDepDepth(133)==42
getDepDepth(50)==67
getDepDepth(31)==22
getInstDeps(53)=={21,11}
