Reading the opcodes latency info from tests/test143.dat ... Got latency for 9 opcodes
Reading the program file tests/test143.in ... Found 200 instructions
getProgDepth()==255
getInstDeps(132)=={125,114}
getInstDeps(176)=={141,164}
getDepDepth(17)==10
getDepDepth(40)==49
getDepDepth(50)==33
getDepDepth(105)==107
getInstDeps(154)=={152,150}
getInstDeps(91)=={51,35}
getInstDeps(18)=={11,-1}
getDepDepth(147)==176
getDepDepth(151)==137
getInstDeps(57)=={22,30}
getDepDepth(112)==81
getInstDeps(97)=={50,49}
getDepDepth(15)==7
getInstDeps(88)=={62,84}
getInstDeps(135)=={134,107}
getInstDeps(30)=={4,-1}
getDepDepth(169)==163
getInstDeps(146)=={136,141}
getDepDepth(10)==16
getInstDeps(23)=={4,-1}
getInstDeps(5)=={-1,-1}
getDepDepth(143)==53
getInstDeps(152)=={149,116}
getInstDeps(185)=={180,169}
getInstDeps(101)=={95,98}
getDepDepth(145)==124
getInstDeps(88)=={62,84}
getInstDeps(62)=={53,-1}
getDepDepth(54)==33
getInstDeps(127)=={125,90}
getInstDeps(111)=={109,75}
getDepDepth(178)==168
getInstDeps(149)=={113,130}
getInstDeps(21)=={-1,-1}
getDepDepth(142)==143
getInstDeps(52)=={42,49}
getDepDepth(177)==163
getDepDepth(61)==69
getDepDepth(18)==16
getInstDeps(0)=={-1,-1}
getInstDeps(82)=={22,81}
getInstDeps(121)=={102,86}
getDepDepth(106)==110
getDepDepth(83)==81
getDepDepth(93)==67
getInstDeps(142)=={113,133}
getInstDeps(168)=={162,105}
getDepDepth(176)==197
getInstDeps(182)=={169,153}
getDepDepth(2)==0
getInstDeps(121)=={102,86}
getInstDeps(64)=={49,55}
getInstDeps(153)=={151,149}
getInstDeps(31)=={27,-1}
getDepDepth(161)==157
getDepDepth(100)==103
getInstDeps(131)=={75,130}
getDepDepth(82)==71
getDepDepth(175)==107
getDepDepth(34)==32
getDepDepth(45)==23
getDepDepth(198)==207
getDepDepth(91)==81
getInstDeps(29)=={20,-1}
getInstDeps(36)=={16,29}
getInstDeps(108)=={77,33}
getInstDeps(99)=={84,77}
getDepDepth(158)==107
getInstDeps(70)=={61,59}
getDepDepth(4)==11
getDepDepth(168)==175
getInstDeps(128)=={124,96}
getInstDeps(34)=={5,19}
getDepDepth(55)==46
getInstDeps(190)=={175,164}
getDepDepth(85)==108
getDepDepth(182)==194
getInstDeps(63)=={38,16}
getDepDepth(168)==175
getInstDeps(1)=={-1,-1}
getInstDeps(30)=={4,-1}
getInstDeps(171)=={107,113}
getInstDeps(145)=={105,105}
