Reading the opcodes latency info from tests/test377.dat ... Got latency for 9 opcodes
Reading the program file tests/test377.in ... Found 200 instructions
getProgDepth()==254
getInstDeps(33)=={-1,29}
getInstDeps(149)=={101,146}
getInstDeps(184)=={149,140}
getDepDepth(13)==7
getDepDepth(166)==215
getDepDepth(136)==145
getInstDeps(96)=={77,92}
getInstDeps(13)=={9,-1}
getDepDepth(103)==151
getDepDepth(150)==129
getDepDepth(139)==110
getDepDepth(100)==146
getInstDeps(14)=={13,-1}
getInstDeps(194)=={118,163}
getDepDepth(78)==133
getInstDeps(66)=={43,55}
getDepDepth(83)==121
getDepDepth(154)==162
getInstDeps(62)=={54,57}
getInstDeps(21)=={17,10}
getDepDepth(133)==127
getDepDepth(115)==126
getDepDepth(141)==175
getDepDepth(129)==103
getDepDepth(55)==74
getDepDepth(180)==205
getInstDeps(79)=={26,41}
getInstDeps(135)=={122,127}
getInstDeps(41)=={37,33}
getDepDepth(44)==8
getInstDeps(166)=={142,37}
getDepDepth(118)==129
getInstDeps(9)=={-1,-1}
getInstDeps(55)=={6,49}
getInstDeps(36)=={34,7}
getInstDeps(163)=={156,140}
getDepDepth(181)==194
getInstDeps(80)=={72,43}
getInstDeps(163)=={156,140}
getDepDepth(146)==112
getDepDepth(154)==162
getInstDeps(61)=={34,57}
getInstDeps(78)=={73,66}
getDepDepth(130)==158
getDepDepth(21)==24
getDepDepth(0)==0
getDepDepth(35)==2
getDepDepth(144)==188
getInstDeps(144)=={125,128}
getInstDeps(152)=={114,136}
getDepDepth(151)==134
getInstDeps(59)=={37,17}
getInstDeps(151)=={101,149}
getInstDeps(96)=={77,92}
getInstDeps(107)=={90,12}
getDepDepth(167)==215
getInstDeps(16)=={-1,10}
getDepDepth(132)==134
getDepDepth(85)==103
getDepDepth(57)==65
getDepDepth(78)==133
getInstDeps(180)=={137,168}
getDepDepth(38)==5
getInstDeps(141)=={114,119}
getDepDepth(148)==160
getInstDeps(148)=={116,124}
getInstDeps(3)=={-1,-1}
