Reading the opcodes latency info from tests/test297.dat ... Got latency for 9 opcodes
Reading the program file tests/test297.in ... Found 200 instructions
getProgDepth()==247
getDepDepth(33)==0
getDepDepth(120)==144
getInstDeps(104)=={71,84}
getInstDeps(97)=={4,-1}
getInstDeps(111)=={41,69}
getInstDeps(165)=={142,134}
getDepDepth(64)==41
getDepDepth(119)==122
getInstDeps(41)=={30,37}
getInstDeps(147)=={146,124}
getDepDepth(31)==2
getDepDepth(127)==108
getDepDepth(123)==98
getInstDeps(148)=={124,84}
getInstDeps(182)=={141,68}
getInstDeps(120)=={43,101}
getInstDeps(65)=={22,51}
getInstDeps(61)=={22,41}
getDepDepth(45)==21
getInstDeps(103)=={86,89}
getInstDeps(56)=={38,46}
getDepDepth(157)==223
getDepDepth(0)==0
getInstDeps(78)=={65,37}
getDepDepth(7)==0
getInstDeps(0)=={-1,-1}
getDepDepth(20)==32
getInstDeps(84)=={52,77}
getDepDepth(95)==92
getDepDepth(178)==217
getInstDeps(138)=={73,121}
getInstDeps(110)=={107,74}
getDepDepth(41)==44
getInstDeps(183)=={135,175}
getInstDeps(27)=={5,-1}
getInstDeps(178)=={141,173}
getInstDeps(121)=={119,103}
getInstDeps(149)=={73,69}
getInstDeps(109)=={31,71}
getDepDepth(60)==21
getInstDeps(153)=={144,147}
getInstDeps(167)=={87,145}
getInstDeps(124)=={119,57}
getDepDepth(36)==32
getDepDepth(54)==49
getInstDeps(4)=={-1,-1}
getInstDeps(5)=={-1,-1}
getInstDeps(166)=={156,87}
getInstDeps(174)=={68,151}
getDepDepth(82)==74
getInstDeps(76)=={72,29}
getDepDepth(11)==0
getDepDepth(149)==109
getDepDepth(65)==21
getDepDepth(149)==109
getDepDepth(37)==39
getInstDeps(193)=={184,187}
getDepDepth(114)==75
getInstDeps(78)=={65,37}
getDepDepth(125)==144
getDepDepth(66)==81
getDepDepth(93)==51
getInstDeps(60)=={26,22}
getDepDepth(104)==108
getInstDeps(123)=={117,122}
getDepDepth(45)==21
getInstDeps(85)=={78,80}
getDepDepth(60)==21
getInstDeps(119)=={81,77}
getDepDepth(24)==7
getDepDepth(2)==0
getInstDeps(120)=={43,101}
getDepDepth(113)==66
getDepDepth(169)==177
getInstDeps(165)=={142,134}
getDepDepth(67)==85
getDepDepth(120)==144
getInstDeps(54)=={41,31}
getInstDeps(171)=={120,138}
getInstDeps(138)=={73,121}
getInstDeps(107)=={104,77}
getDepDepth(140)==141
getInstDeps(180)=={68,120}
getInstDeps(16)=={8,9}
getDepDepth(163)==223
getInstDeps(147)=={146,124}
getDepDepth(132)==144
getInstDeps(42)=={-1,-1}
getDepDepth(72)==109
getDepDepth(136)==75
getInstDeps(128)=={71,73}
getDepDepth(35)==16
getInstDeps(3)=={-1,-1}
getDepDepth(106)==131
getInstDeps(111)=={41,69}
getInstDeps(181)=={178,141}
getDepDepth(69)==92
getDepDepth(159)==228
getDepDepth(53)==32
getDepDepth(128)==96
getDepDepth(154)==153
getInstDeps(131)=={124,122}
getInstDeps(51)=={-1,-1}
getInstDeps(38)=={7,14}
getDepDepth(23)==0
getDepDepth(159)==228
getInstDeps(81)=={69,69}
getInstDeps(146)=={43,142}
getDepDepth(6)==7
getDepDepth(18)==28
getInstDeps(117)=={41,57}
getDepDepth(4)==0
getInstDeps(131)=={124,122}
getDepDepth(71)==66
getInstDeps(18)=={12,-1}
getDepDepth(66)==81
getDepDepth(4)==0
getInstDeps(143)=={136,130}
getInstDeps(90)=={18,69}
getInstDeps(84)=={52,77}
getInstDeps(122)=={113,108}
getInstDeps(83)=={50,67}
getDepDepth(173)==206
getDepDepth(188)==164
getInstDeps(21)=={19,12}
getDepDepth(57)==39
getDepDepth(6)==7
getDepDepth(128)==96
getDepDepth(114)==75
getInstDeps(187)=={144,156}
getDepDepth(65)==21
getDepDepth(43)==34
getDepDepth(187)==187
getDepDepth(5)==0
getDepDepth(64)==41
getInstDeps(64)=={4,30}
getInstDeps(69)=={61,66}
getInstDeps(48)=={40,-1}
getDepDepth(138)==144
getDepDepth(2)==0
getDepDepth(134)==98
getDepDepth(178)==217
