Reading the opcodes latency info from tests/test296.dat ... Got latency for 9 opcodes
Reading the program file tests/test296.in ... Found 200 instructions
getProgDepth()==379
getInstDeps(106)=={54,74}
getInstDeps(173)=={171,133}
getInstDeps(194)=={183,181}
getDepDepth(0)==0
getDepDepth(7)==0
getDepDepth(177)==346
getDepDepth(147)==256
getDepDepth(180)==329
getDepDepth(161)==197
getInstDeps(48)=={32,26}
getInstDeps(81)=={16,55}
getDepDepth(140)==228
getInstDeps(105)=={72,-1}
getInstDeps(14)=={11,10}
getInstDeps(151)=={123,125}
getInstDeps(40)=={29,-1}
getDepDepth(73)==144
getInstDeps(163)=={143,150}
getInstDeps(127)=={77,112}
getDepDepth(0)==0
getInstDeps(124)=={86,112}
getDepDepth(132)==237
getDepDepth(44)==17
getInstDeps(78)=={70,51}
getDepDepth(122)==138
getInstDeps(181)=={142,170}
getDepDepth(15)==0
getInstDeps(116)=={74,-1}
getDepDepth(81)==161
getDepDepth(188)==313
getInstDeps(146)=={137,144}
getInstDeps(101)=={93,90}
getInstDeps(11)=={-1,-1}
getInstDeps(128)=={51,112}
getInstDeps(117)=={114,106}
getInstDeps(106)=={54,74}
getInstDeps(50)=={15,15}
getInstDeps(103)=={102,99}
getDepDepth(22)==2
getInstDeps(44)=={15,-1}
getDepDepth(34)==22
getInstDeps(83)=={31,52}
getInstDeps(38)=={-1,37}
getDepDepth(53)==66
getDepDepth(62)==48
getDepDepth(143)==260
getInstDeps(48)=={32,26}
getDepDepth(58)==66
getDepDepth(42)==83
getDepDepth(7)==0
getDepDepth(68)==56
getDepDepth(66)==37
getInstDeps(115)=={103,55}
getDepDepth(121)==215
getDepDepth(113)==211
getInstDeps(33)=={20,-1}
getInstDeps(179)=={145,162}
getDepDepth(45)==29
getInstDeps(89)=={69,73}
getDepDepth(89)==157
getInstDeps(190)=={143,132}
getInstDeps(14)=={11,10}
getDepDepth(127)==209
getInstDeps(165)=={153,149}
getInstDeps(140)=={136,125}
getDepDepth(112)==198
getInstDeps(20)=={-1,-1}
getInstDeps(123)=={120,77}
getInstDeps(166)=={95,162}
getInstDeps(80)=={10,42}
getInstDeps(116)=={74,-1}
getDepDepth(5)==3
getInstDeps(122)=={69,68}
getDepDepth(155)==285
getDepDepth(153)==269
getInstDeps(53)=={49,10}
getInstDeps(138)=={119,110}
getDepDepth(194)==351
getInstDeps(50)=={15,15}
getInstDeps(140)=={136,125}
getInstDeps(158)=={154,77}
getInstDeps(145)=={73,51}
getDepDepth(17)==0
getInstDeps(196)=={156,194}
getInstDeps(171)=={140,160}
getDepDepth(170)==311
getDepDepth(81)==161
getDepDepth(113)==211
getInstDeps(138)=={119,110}
getInstDeps(123)=={120,77}
getInstDeps(109)=={91,94}
getInstDeps(78)=={70,51}
getInstDeps(196)=={156,194}
getInstDeps(191)=={163,186}
getInstDeps(189)=={143,183}
getDepDepth(16)==48
getDepDepth(120)==214
getDepDepth(81)==161
getInstDeps(183)=={169,156}
getDepDepth(132)==237
getDepDepth(121)==215
getDepDepth(104)==184
getInstDeps(179)=={145,162}
getInstDeps(93)=={69,77}
getInstDeps(86)=={-1,68}
getInstDeps(18)=={2,-1}
getDepDepth(85)==51
getInstDeps(68)=={66,15}
getInstDeps(186)=={163,168}
getInstDeps(78)=={70,51}
getDepDepth(116)==176
getDepDepth(167)==302
getInstDeps(110)=={86,109}
getInstDeps(174)=={140,171}
