Reading the opcodes latency info from tests/test66.dat ... Got latency for 9 opcodes
Reading the program file tests/test66.in ... Found 200 instructions
getProgDepth()==206
getInstDeps(34)=={-1,18}
getDepDepth(107)==84
getDepDepth(162)==105
getInstDeps(95)=={76,75}
getInstDeps(148)=={127,119}
getDepDepth(138)==115
getInstDeps(160)=={67,149}
getInstDeps(178)=={163,168}
getDepDepth(39)==55
getInstDeps(58)=={1,33}
getDepDepth(152)==115
getDepDepth(136)==115
getInstDeps(180)=={163,170}
getDepDepth(35)==39
getInstDeps(16)=={-1,-1}
getDepDepth(8)==0
getInstDeps(81)=={75,-1}
getDepDepth(189)==111
getInstDeps(179)=={109,174}
getInstDeps(59)=={44,-1}
getDepDepth(58)==44
getInstDeps(176)=={170,147}
getInstDeps(1)=={-1,-1}
getDepDepth(20)==5
getDepDepth(131)==89
getDepDepth(112)==89
getInstDeps(196)=={168,157}
getDepDepth(169)==118
getInstDeps(39)=={34,-1}
getDepDepth(78)==66
getInstDeps(28)=={-1,24}
getInstDeps(59)=={44,-1}
getInstDeps(140)=={18,135}
getInstDeps(31)=={20,-1}
getDepDepth(106)==53
getInstDeps(93)=={76,91}
getDepDepth(87)==48
getDepDepth(31)==16
getDepDepth(107)==84
getDepDepth(37)==41
getInstDeps(34)=={-1,18}
getInstDeps(10)=={-1,-1}
getDepDepth(121)==93
getInstDeps(8)=={-1,-1}
getInstDeps(64)=={54,23}
getDepDepth(170)==108
getDepDepth(178)==132
getDepDepth(194)==127
getInstDeps(8)=={-1,-1}
getDepDepth(56)==30
getInstDeps(67)=={34,52}
getInstDeps(164)=={105,121}
getInstDeps(108)=={33,67}
getInstDeps(94)=={61,-1}
getInstDeps(153)=={18,18}
getInstDeps(140)=={18,135}
getDepDepth(66)==2
getInstDeps(135)=={123,-1}
getInstDeps(106)=={18,60}
getInstDeps(146)=={144,112}
getDepDepth(0)==0
getDepDepth(67)==66
getInstDeps(179)=={109,174}
getInstDeps(194)=={131,163}
getInstDeps(68)=={-1,53}
getDepDepth(103)==108
getDepDepth(87)==48
getInstDeps(70)=={-1,68}
getDepDepth(76)==44
getInstDeps(112)=={111,78}
getInstDeps(25)=={-1,-1}
getInstDeps(127)=={109,88}
getInstDeps(142)=={120,107}
getDepDepth(2)==23
getDepDepth(173)==121
getInstDeps(102)=={-1,28}
getInstDeps(100)=={44,44}
getInstDeps(149)=={18,134}
getDepDepth(165)==161
getDepDepth(20)==5
getInstDeps(50)=={24,-1}
getInstDeps(196)=={168,157}
getInstDeps(72)=={70,18}
getDepDepth(39)==55
getInstDeps(194)=={131,163}
getDepDepth(161)==150
getDepDepth(45)==23
getDepDepth(134)==109
getInstDeps(8)=={-1,-1}
