Reading the opcodes latency info from tests/test85.dat ... Got latency for 9 opcodes
Reading the program file tests/test85.in ... Found 200 instructions
getProgDepth()==217
getInstDeps(192)=={173,187}
getInstDeps(92)=={77,39}
getDepDepth(89)==55
getInstDeps(23)=={3,6}
getInstDeps(173)=={160,161}
getInstDeps(110)=={98,62}
getInstDeps(40)=={27,39}
getInstDeps(5)=={-1,-1}
getDepDepth(161)==121
getInstDeps(50)=={28,8}
getInstDeps(113)=={95,112}
getInstDeps(82)=={28,67}
getDepDepth(57)==13
getInstDeps(87)=={-1,51}
getDepDepth(110)==62
getInstDeps(124)=={121,106}
getInstDeps(9)=={-1,-1}
getDepDepth(80)==58
getInstDeps(97)=={93,83}
getInstDeps(103)=={62,93}
getDepDepth(124)==114
getInstDeps(78)=={28,68}
getDepDepth(44)==43
getInstDeps(37)=={24,-1}
getInstDeps(86)=={79,75}
getInstDeps(37)=={24,-1}
getInstDeps(63)=={56,33}
getDepDepth(16)==0
getInstDeps(111)=={105,93}
getInstDeps(121)=={94,106}
getInstDeps(172)=={156,158}
getInstDeps(77)=={53,25}
getInstDeps(156)=={106,108}
getDepDepth(12)==23
getDepDepth(31)==35
getDepDepth(36)==42
getInstDeps(90)=={59,39}
getInstDeps(130)=={126,123}
getDepDepth(6)==20
getInstDeps(168)=={165,130}
getDepDepth(145)==142
getInstDeps(34)=={24,26}
getDepDepth(94)==94
getDepDepth(32)==32
getInstDeps(180)=={173,168}
getInstDeps(80)=={62,-1}
getDepDepth(153)==100
getDepDepth(136)==131
getDepDepth(119)==139
getInstDeps(60)=={38,8}
getDepDepth(159)==121
getDepDepth(21)==0
getInstDeps(126)=={92,85}
getDepDepth(51)==50
getInstDeps(101)=={78,78}
getDepDepth(160)==115
getInstDeps(63)=={56,33}
getInstDeps(143)=={137,126}
getDepDepth(123)==103
getDepDepth(81)==62
getDepDepth(35)==17
getInstDeps(183)=={156,130}
getInstDeps(191)=={187,182}
getDepDepth(90)==49
getDepDepth(30)==32
getDepDepth(165)==146
getInstDeps(199)=={197,172}
getDepDepth(180)==176
getInstDeps(95)=={68,77}
getDepDepth(8)==27
getDepDepth(61)==45
getDepDepth(58)==45
getInstDeps(96)=={78,90}
getDepDepth(189)==114
getDepDepth(157)==146
getDepDepth(11)==0
getInstDeps(15)=={-1,-1}
getDepDepth(92)==60
getDepDepth(185)==128
getInstDeps(121)=={94,106}
getInstDeps(97)=={93,83}
getDepDepth(105)==103
getInstDeps(83)=={74,80}
getInstDeps(7)=={6,-1}
getDepDepth(41)==42
getInstDeps(40)=={27,39}
getDepDepth(40)==49
getInstDeps(31)=={20,18}
getInstDeps(55)=={29,48}
getDepDepth(155)==157
getDepDepth(76)==58
getInstDeps(72)=={35,44}
getDepDepth(66)==50
getDepDepth(44)==43
getInstDeps(112)=={109,83}
getInstDeps(31)=={20,18}
getDepDepth(145)==142
getInstDeps(135)=={123,131}
getDepDepth(28)==19
getDepDepth(150)==135
getInstDeps(175)=={158,152}
getDepDepth(41)==42
getInstDeps(6)=={4,-1}
getDepDepth(49)==55
getInstDeps(56)=={32,8}
getInstDeps(125)=={92,109}
getInstDeps(59)=={26,-1}
getDepDepth(163)==138
getInstDeps(13)=={11,-1}
getDepDepth(137)==96
getDepDepth(114)==89
getInstDeps(18)=={14,13}
getDepDepth(140)==122
getDepDepth(192)==206
getInstDeps(134)=={113,113}
getDepDepth(77)==53
getInstDeps(27)=={15,-1}
getInstDeps(34)=={24,26}
getDepDepth(40)==49
getDepDepth(169)==146
getDepDepth(190)==151
getInstDeps(98)=={55,68}
getDepDepth(51)==50
getInstDeps(105)=={82,103}
getInstDeps(104)=={100,90}
getInstDeps(84)=={83,51}
getInstDeps(26)=={21,-1}
getDepDepth(64)==50
getDepDepth(183)==137
getInstDeps(165)=={106,150}
getDepDepth(61)==45
