Reading the opcodes latency info from tests/test246.dat ... Got latency for 9 opcodes
Reading the program file tests/test246.in ... Found 200 instructions
getProgDepth()==254
getInstDeps(177)=={176,165}
getInstDeps(46)=={33,29}
getInstDeps(68)=={64,50}
getDepDepth(63)==125
getDepDepth(85)==46
getInstDeps(33)=={-1,32}
getInstDeps(8)=={-1,-1}
getDepDepth(67)==37
getInstDeps(97)=={16,81}
getDepDepth(74)==55
getInstDeps(17)=={-1,11}
getDepDepth(121)==151
getInstDeps(25)=={11,-1}
getInstDeps(169)=={153,158}
getInstDeps(194)=={139,170}
getInstDeps(11)=={-1,-1}
getInstDeps(11)=={-1,-1}
getInstDeps(10)=={-1,-1}
getDepDepth(4)==0
getInstDeps(134)=={117,119}
getDepDepth(98)==160
getInstDeps(180)=={170,66}
getDepDepth(106)==151
getInstDeps(121)=={104,81}
getDepDepth(161)==187
getInstDeps(190)=={154,164}
getDepDepth(184)==171
getInstDeps(123)=={107,81}
getDepDepth(121)==151
getDepDepth(151)==187
getInstDeps(182)=={170,139}
getInstDeps(101)=={91,67}
getDepDepth(191)==251
getInstDeps(159)=={150,148}
getDepDepth(124)==45
getDepDepth(61)==102
getDepDepth(132)==171
getInstDeps(68)=={64,50}
getInstDeps(134)=={117,119}
getDepDepth(177)==232
getDepDepth(31)==0
getInstDeps(170)=={143,132}
getDepDepth(163)==150
getInstDeps(142)=={114,118}
getInstDeps(165)=={139,159}
getInstDeps(33)=={-1,32}
getInstDeps(118)=={64,81}
getDepDepth(149)==102
getInstDeps(184)=={116,128}
getDepDepth(88)==150
getInstDeps(175)=={129,159}
getInstDeps(82)=={40,74}
getDepDepth(170)==174
getDepDepth(130)==104
getInstDeps(182)=={170,139}
getInstDeps(36)=={30,29}
getDepDepth(0)==0
getInstDeps(41)=={26,-1}
getDepDepth(141)==194
getDepDepth(32)==19
getInstDeps(13)=={7,-1}
getDepDepth(91)==137
getDepDepth(35)==37
getInstDeps(35)=={33,-1}
getDepDepth(120)==65
getDepDepth(138)==140
getInstDeps(142)=={114,118}
getInstDeps(44)=={40,14}
getInstDeps(26)=={20,-1}
getDepDepth(124)==45
getInstDeps(144)=={135,67}
getDepDepth(73)==55
getDepDepth(195)==207
getInstDeps(181)=={138,149}
getDepDepth(95)==132
getDepDepth(104)==140
getDepDepth(12)==0
getInstDeps(44)=={40,14}
getInstDeps(130)=={107,35}
getDepDepth(147)==188
getDepDepth(84)==54
getInstDeps(177)=={176,165}
getInstDeps(117)=={109,67}
getDepDepth(178)==230
getDepDepth(87)==46
getDepDepth(57)==40
getDepDepth(79)==137
getDepDepth(145)==145
getInstDeps(123)=={107,81}
getInstDeps(135)=={67,75}
getDepDepth(54)==22
getDepDepth(61)==102
getDepDepth(62)==56
getDepDepth(36)==37
getInstDeps(165)=={139,159}
getDepDepth(108)==144
getInstDeps(98)=={94,75}
getDepDepth(197)==164
getInstDeps(172)=={145,149}
getDepDepth(138)==140
getInstDeps(135)=={67,75}
getDepDepth(141)==194
getInstDeps(20)=={-1,-1}
getInstDeps(49)=={-1,30}
getInstDeps(72)=={40,63}
getInstDeps(135)=={67,75}
getInstDeps(66)=={49,62}
getDepDepth(83)==140
getDepDepth(179)==143
getDepDepth(199)==224
getInstDeps(144)=={135,67}
getInstDeps(19)=={-1,-1}
getDepDepth(150)==105
getDepDepth(3)==0
getInstDeps(19)=={-1,-1}
getInstDeps(92)=={57,91}
getInstDeps(86)=={57,66}
getInstDeps(98)=={94,75}
getInstDeps(178)=={169,155}
getDepDepth(185)==164
getDepDepth(5)==23
getDepDepth(79)==137
getInstDeps(56)=={54,14}
getInstDeps(161)=={116,113}
getDepDepth(39)==39
getDepDepth(71)==137
getInstDeps(92)=={57,91}
getDepDepth(2)==0
getDepDepth(136)==171
getDepDepth(8)==0
getInstDeps(33)=={-1,32}
getInstDeps(151)=={113,145}
getDepDepth(112)==39
getDepDepth(19)==0
getDepDepth(158)==145
getDepDepth(167)==199
getDepDepth(190)==199
getInstDeps(177)=={176,165}
getDepDepth(84)==54
getDepDepth(41)==13
getDepDepth(69)==46
getInstDeps(82)=={40,74}
