Reading the opcodes latency info from tests/test314.dat ... Got latency for 9 opcodes
Reading the program file tests/test314.in ... Found 200 instructions
getProgDepth()==250
getInstDeps(35)=={19,11}
getDepDepth(25)==13
getDepDepth(18)==23
getInstDeps(17)=={-1,-1}
getDepDepth(138)==101
getInstDeps(25)=={-1,17}
getDepDepth(148)==144
getDepDepth(182)==147
getDepDepth(178)==152
getInstDeps(36)=={22,27}
getInstDeps(115)=={60,113}
getDepDepth(77)==74
getDepDepth(128)==128
getDepDepth(163)==149
getInstDeps(138)=={60,95}
getDepDepth(191)==150
getDepDepth(13)==0
getInstDeps(170)=={150,158}
getInstDeps(151)=={113,117}
getInstDeps(10)=={-1,-1}
getDepDepth(12)==0
getInstDeps(105)=={104,71}
getDepDepth(120)==108
getInstDeps(30)=={-1,12}
getInstDeps(127)=={121,44}
getInstDeps(51)=={47,35}
getInstDeps(70)=={3,45}
getInstDeps(1)=={-1,-1}
getInstDeps(21)=={-1,18}
getInstDeps(22)=={-1,20}
getDepDepth(187)==151
getDepDepth(29)==11
getDepDepth(77)==74
getInstDeps(16)=={3,-1}
getInstDeps(50)=={3,36}
getInstDeps(105)=={104,71}
getDepDepth(142)==129
getInstDeps(127)=={121,44}
getDepDepth(110)==46
getDepDepth(48)==66
getDepDepth(81)==85
getDepDepth(59)==20
getDepDepth(33)==23
getInstDeps(3)=={-1,-1}
getInstDeps(196)=={188,186}
getDepDepth(137)==151
getInstDeps(15)=={-1,-1}
getInstDeps(135)=={123,83}
getInstDeps(128)=={107,103}
getDepDepth(25)==13
getInstDeps(185)=={179,158}
getInstDeps(126)=={112,107}
getInstDeps(7)=={-1,-1}
getInstDeps(88)=={66,67}
getDepDepth(7)==0
getInstDeps(142)=={83,114}
getInstDeps(124)=={112,119}
getInstDeps(14)=={-1,2}
getInstDeps(88)=={66,67}
getInstDeps(10)=={-1,-1}
getDepDepth(88)==94
getInstDeps(157)=={140,83}
getDepDepth(15)==0
getInstDeps(23)=={-1,2}
getDepDepth(97)==102
getDepDepth(168)==149
getInstDeps(97)=={80,92}
getDepDepth(95)==78
getDepDepth(141)==132
getInstDeps(31)=={-1,29}
getDepDepth(35)==28
getDepDepth(94)==89
getDepDepth(74)==92
getDepDepth(50)==66
getDepDepth(2)==0
getDepDepth(110)==46
getDepDepth(137)==151
getInstDeps(16)=={3,-1}
getInstDeps(157)=={140,83}
getDepDepth(86)==89
getDepDepth(125)==100
getDepDepth(174)==23
getInstDeps(192)=={147,188}
getDepDepth(22)==7
getInstDeps(57)=={38,46}
getInstDeps(170)=={150,158}
getInstDeps(109)=={103,94}
getDepDepth(108)==89
getDepDepth(103)==103
getInstDeps(186)=={118,181}
getInstDeps(49)=={41,48}
getInstDeps(137)=={117,80}
getDepDepth(164)==168
getDepDepth(116)==100
getInstDeps(41)=={-1,-1}
getInstDeps(143)=={44,100}
getInstDeps(155)=={148,148}
getInstDeps(5)=={-1,-1}
getDepDepth(155)==146
getInstDeps(35)=={19,11}
getInstDeps(64)=={31,44}
getInstDeps(13)=={-1,-1}
getDepDepth(101)==96
getDepDepth(173)==139
getInstDeps(30)=={-1,12}
getDepDepth(175)==67
getDepDepth(127)==122
getInstDeps(89)=={31,3}
getInstDeps(17)=={-1,-1}
getDepDepth(107)==109
getDepDepth(198)==175
getDepDepth(43)==81
getDepDepth(137)==151
getInstDeps(139)=={121,95}
getDepDepth(101)==96
getInstDeps(170)=={150,158}
getInstDeps(141)=={119,121}
getDepDepth(37)==66
getInstDeps(48)=={11,36}
getDepDepth(53)==85
getDepDepth(159)==141
getDepDepth(109)==106
getDepDepth(58)==83
getDepDepth(175)==67
getDepDepth(88)==94
getDepDepth(42)==43
getDepDepth(105)==104
getInstDeps(128)=={107,103}
getDepDepth(24)==40
getDepDepth(137)==151
getInstDeps(87)=={83,18}
getDepDepth(93)==92
getInstDeps(45)=={25,5}
getDepDepth(174)==23
