Reading the opcodes latency info from tests/test69.dat ... Got latency for 9 opcodes
Reading the program file tests/test69.in ... Found 200 instructions
getProgDepth()==270
getDepDepth(108)==71
getDepDepth(97)==51
getInstDeps(36)=={15,24}
getInstDeps(92)=={37,51}
getDepDepth(114)==113
getInstDeps(182)=={134,177}
getInstDeps(58)=={57,38}
getInstDeps(14)=={12,-1}
getDepDepth(170)==221
getInstDeps(193)=={181,177}
getDepDepth(78)==75
getDepDepth(41)==44
getInstDeps(39)=={-1,19}
getInstDeps(91)=={84,70}
getInstDeps(126)=={109,115}
getDepDepth(60)==31
getDepDepth(102)==94
getDepDepth(189)==152
getDepDepth(88)==89
getDepDepth(22)==7
getDepDepth(136)==131
getDepDepth(154)==161
getDepDepth(152)==118
getInstDeps(28)=={-1,27}
getDepDepth(8)==0
getInstDeps(83)=={-1,41}
getInstDeps(65)=={-1,40}
getDepDepth(172)==238
getInstDeps(18)=={-1,6}
getDepDepth(180)==118
getInstDeps(7)=={-1,-1}
getInstDeps(130)=={54,54}
getInstDeps(105)=={91,90}
getDepDepth(171)==170
getDepDepth(36)==24
getInstDeps(50)=={45,-1}
getDepDepth(91)==118
getInstDeps(188)=={166,94}
getDepDepth(161)==178
getDepDepth(5)==0
getDepDepth(150)==147
getInstDeps(97)=={94,94}
getInstDeps(169)=={159,162}
getInstDeps(132)=={54,119}
getDepDepth(44)==43
getInstDeps(145)=={122,122}
getInstDeps(40)=={-1,-1}
getInstDeps(187)=={109,147}
getDepDepth(79)==67
getDepDepth(10)==0
getInstDeps(99)=={85,83}
getDepDepth(123)==47
getInstDeps(9)=={-1,-1}
getInstDeps(124)=={83,120}
getInstDeps(81)=={-1,78}
getInstDeps(138)=={119,124}
getDepDepth(141)==134
getInstDeps(25)=={8,-1}
getDepDepth(119)==118
getInstDeps(189)=={187,149}
getInstDeps(31)=={-1,-1}
getDepDepth(147)==134
getDepDepth(154)==161
getInstDeps(37)=={27,-1}
getInstDeps(7)=={-1,-1}
getInstDeps(173)=={65,139}
getInstDeps(23)=={-1,3}
getDepDepth(80)==88
getDepDepth(69)==55
getDepDepth(78)==75
getInstDeps(18)=={-1,6}
getDepDepth(48)==55
getDepDepth(99)==61
getInstDeps(178)=={147,84}
getInstDeps(53)=={49,-1}
getInstDeps(195)=={111,84}
getDepDepth(86)==26
getInstDeps(182)=={134,177}
getInstDeps(117)=={64,69}
getInstDeps(154)=={122,111}
getDepDepth(24)==0
getInstDeps(174)=={163,115}
getInstDeps(153)=={119,131}
getInstDeps(69)=={41,45}
getInstDeps(41)=={26,10}
getDepDepth(43)==30
getInstDeps(89)=={64,67}
getDepDepth(35)==44
getInstDeps(173)=={65,139}
getDepDepth(157)==144
getInstDeps(175)=={165,111}
getInstDeps(19)=={14,-1}
getDepDepth(11)==23
getInstDeps(43)=={21,-1}
getInstDeps(188)=={166,94}
getDepDepth(40)==0
getDepDepth(176)==238
getDepDepth(115)==101
getInstDeps(64)=={-1,15}
getInstDeps(59)=={-1,38}
getInstDeps(181)=={149,177}
getDepDepth(38)==24
getDepDepth(80)==88
getDepDepth(92)==54
getDepDepth(163)==225
getInstDeps(94)=={-1,26}
getDepDepth(180)==118
