Reading the opcodes latency info from tests/test114.dat ... Got latency for 9 opcodes
Reading the program file tests/test114.in ... Found 200 instructions
getProgDepth()==237
getDepDepth(102)==38
getInstDeps(173)=={135,117}
getInstDeps(70)=={-1,60}
getInstDeps(68)=={57,46}
getInstDeps(135)=={102,115}
getDepDepth(177)==177
getInstDeps(52)=={-1,27}
getInstDeps(61)=={46,57}
getDepDepth(142)==160
getInstDeps(74)=={65,-1}
getInstDeps(18)=={11,15}
getDepDepth(28)==0
getInstDeps(1)=={-1,-1}
getDepDepth(73)==45
getDepDepth(75)==111
getInstDeps(159)=={153,128}
getInstDeps(53)=={18,48}
getInstDeps(78)=={72,33}
getDepDepth(64)==94
getDepDepth(41)==63
getInstDeps(108)=={91,83}
getInstDeps(187)=={113,150}
getInstDeps(151)=={136,116}
getInstDeps(97)=={-1,64}
getInstDeps(112)=={105,102}
getDepDepth(36)==0
getInstDeps(43)=={21,10}
getDepDepth(46)==36
getDepDepth(56)==76
getDepDepth(98)==133
getDepDepth(153)==181
getDepDepth(199)==164
getDepDepth(180)==162
getDepDepth(196)==193
getDepDepth(132)==133
getInstDeps(142)=={122,136}
getInstDeps(51)=={12,27}
getDepDepth(172)==160
getDepDepth(63)==34
getInstDeps(194)=={109,176}
getDepDepth(4)==22
getDepDepth(19)==0
getInstDeps(21)=={5,-1}
getInstDeps(130)=={127,119}
getInstDeps(35)=={31,30}
getDepDepth(19)==0
getDepDepth(99)==116
getDepDepth(120)==135
getDepDepth(77)==111
getInstDeps(50)=={-1,43}
getInstDeps(194)=={109,176}
getInstDeps(165)=={158,164}
getInstDeps(154)=={99,141}
getDepDepth(28)==0
getInstDeps(73)=={28,53}
getDepDepth(3)==0
getDepDepth(129)==135
getDepDepth(60)==69
getDepDepth(113)==128
getDepDepth(126)==116
getDepDepth(16)==30
getDepDepth(15)==0
getDepDepth(106)==137
getDepDepth(149)==139
getInstDeps(167)=={150,154}
getInstDeps(59)=={44,51}
getInstDeps(198)=={73,185}
getInstDeps(72)=={46,33}
getInstDeps(60)=={27,27}
getInstDeps(168)=={160,165}
getInstDeps(181)=={113,135}
getDepDepth(79)==111
getInstDeps(139)=={83,97}
getInstDeps(113)=={86,111}
getInstDeps(178)=={165,175}
getDepDepth(157)==160
getInstDeps(125)=={124,87}
getDepDepth(123)==130
getInstDeps(182)=={173,129}
getInstDeps(112)=={105,102}
getDepDepth(72)==59
getDepDepth(171)==165
getDepDepth(64)==94
getInstDeps(193)=={189,187}
getDepDepth(120)==135
getInstDeps(112)=={105,102}
getInstDeps(150)=={136,99}
getDepDepth(59)==92
getInstDeps(152)=={142,135}
getDepDepth(159)==188
getInstDeps(84)=={33,-1}
getDepDepth(43)==39
getInstDeps(138)=={135,73}
getDepDepth(46)==36
getInstDeps(22)=={-1,-1}
getInstDeps(82)=={66,18}
getDepDepth(197)==147
getInstDeps(122)=={102,110}
getInstDeps(191)=={129,169}
getDepDepth(28)==0
getDepDepth(160)==188
getDepDepth(119)==130
getInstDeps(116)=={101,97}
getDepDepth(196)==193
getInstDeps(55)=={27,10}
getDepDepth(66)==111
getInstDeps(193)=={189,187}
getDepDepth(125)==135
getInstDeps(168)=={160,165}
getDepDepth(39)==36
getDepDepth(90)==84
getDepDepth(194)==214
getInstDeps(68)=={57,46}
getDepDepth(153)==181
getInstDeps(144)=={131,116}
getInstDeps(139)=={83,97}
getInstDeps(124)=={86,123}
getInstDeps(157)=={136,132}
getDepDepth(107)==17
getDepDepth(49)==0
getInstDeps(53)=={18,48}
getDepDepth(138)==162
getDepDepth(149)==139
getInstDeps(171)=={146,162}
getInstDeps(127)=={123,113}
getDepDepth(169)==139
getInstDeps(13)=={-1,-1}
getDepDepth(75)==111
getInstDeps(146)=={83,99}
getDepDepth(187)==177
getDepDepth(171)==165
getDepDepth(82)==122
getDepDepth(71)==97
getDepDepth(126)==116
getInstDeps(127)=={123,113}
getInstDeps(110)=={58,83}
getDepDepth(174)==193
getInstDeps(167)=={150,154}
getDepDepth(71)==97
getDepDepth(15)==0
getInstDeps(89)=={80,77}
