Reading the opcodes latency info from tests/test188.dat ... Got latency for 9 opcodes
Reading the program file tests/test188.in ... Found 200 instructions
getProgDepth()==267
getInstDeps(6)=={-1,-1}
getInstDeps(171)=={162,160}
getDepDepth(112)==147
getDepDepth(1)==0
getInstDeps(64)=={60,27}
getInstDeps(189)=={184,85}
getInstDeps(62)=={27,61}
getInstDeps(72)=={28,49}
getInstDeps(84)=={73,80}
getInstDeps(156)=={90,127}
getInstDeps(107)=={88,73}
getDepDepth(31)==0
getInstDeps(145)=={130,51}
getInstDeps(119)=={46,107}
getDepDepth(125)==168
getInstDeps(42)=={32,-1}
getDepDepth(90)==116
getDepDepth(17)==19
getInstDeps(22)=={-1,-1}
getDepDepth(33)==7
getDepDepth(156)==118
getInstDeps(104)=={98,92}
getDepDepth(87)==147
getInstDeps(100)=={65,73}
getInstDeps(109)=={85,-1}
getDepDepth(28)==43
getInstDeps(132)=={126,92}
getDepDepth(115)==163
getInstDeps(43)=={39,12}
getDepDepth(191)==206
getDepDepth(117)==215
getDepDepth(31)==0
getDepDepth(78)==67
getInstDeps(50)=={2,46}
getDepDepth(87)==147
getInstDeps(199)=={190,172}
getInstDeps(140)=={129,122}
getDepDepth(77)==116
getDepDepth(37)==27
getInstDeps(64)=={60,27}
getDepDepth(159)==205
getInstDeps(105)=={85,86}
getDepDepth(176)==181
getInstDeps(157)=={155,130}
getDepDepth(78)==67
getDepDepth(44)==62
getInstDeps(37)=={-1,32}
getDepDepth(154)==163
getInstDeps(184)=={156,160}
getInstDeps(95)=={42,69}
getDepDepth(42)==27
getDepDepth(34)==17
getDepDepth(166)==167
getDepDepth(136)==137
getInstDeps(159)=={85,146}
getDepDepth(127)==72
getInstDeps(155)=={59,152}
getInstDeps(12)=={-1,7}
getInstDeps(171)=={162,160}
getDepDepth(68)==36
getInstDeps(6)=={-1,-1}
getInstDeps(195)=={180,182}
getInstDeps(82)=={0,21}
getInstDeps(138)=={118,51}
getDepDepth(170)==188
getDepDepth(175)==156
getDepDepth(182)==194
getDepDepth(102)==134
getDepDepth(73)==62
getInstDeps(58)=={35,52}
getInstDeps(188)=={130,185}
getInstDeps(32)=={13,31}
getDepDepth(121)==38
getDepDepth(26)==22
getDepDepth(11)==0
getDepDepth(43)==40
getInstDeps(26)=={7,17}
getDepDepth(122)==53
getDepDepth(133)==154
getDepDepth(168)==160
getDepDepth(194)==208
getDepDepth(53)==19
getInstDeps(148)=={129,145}
getDepDepth(121)==38
getDepDepth(97)==70
getDepDepth(94)==123
getInstDeps(156)=={90,127}
getDepDepth(38)==20
getInstDeps(139)=={88,118}
getInstDeps(155)=={59,152}
getDepDepth(103)==134
getInstDeps(117)=={85,114}
getInstDeps(16)=={-1,-1}
getInstDeps(181)=={152,174}
getDepDepth(30)==7
getDepDepth(23)==18
