Reading the opcodes latency info from tests/test261.dat ... Got latency for 9 opcodes
Reading the program file tests/test261.in ... Found 200 instructions
getProgDepth()==258
getDepDepth(159)==53
getInstDeps(148)=={112,89}
getInstDeps(128)=={82,79}
getDepDepth(8)==13
getDepDepth(137)==126
getDepDepth(46)==36
getDepDepth(178)==133
getDepDepth(57)==19
getDepDepth(176)==187
getDepDepth(26)==23
getDepDepth(127)==75
getDepDepth(186)==187
getDepDepth(61)==89
getDepDepth(140)==152
getDepDepth(56)==12
getDepDepth(122)==152
getDepDepth(90)==55
getDepDepth(68)==32
getDepDepth(161)==168
getDepDepth(91)==55
getDepDepth(94)==47
getInstDeps(125)=={79,109}
getInstDeps(178)=={77,129}
getDepDepth(2)==0
getDepDepth(96)==83
getInstDeps(132)=={105,108}
getDepDepth(170)==103
getInstDeps(146)=={101,125}
getDepDepth(30)==37
getDepDepth(95)==78
getDepDepth(178)==133
getInstDeps(12)=={-1,-1}
getInstDeps(64)=={49,8}
getInstDeps(105)=={74,18}
getInstDeps(178)=={77,129}
getDepDepth(160)==152
getDepDepth(188)==226
getInstDeps(95)=={80,71}
getInstDeps(32)=={-1,31}
getDepDepth(85)==134
getDepDepth(30)==37
getInstDeps(193)=={190,159}
getDepDepth(61)==89
getInstDeps(19)=={17,-1}
getInstDeps(113)=={105,112}
getDepDepth(16)==0
getDepDepth(67)==29
getDepDepth(7)==0
getDepDepth(10)==0
getInstDeps(3)=={-1,-1}
getInstDeps(118)=={82,79}
getInstDeps(78)=={70,73}
getDepDepth(69)==26
getInstDeps(3)=={-1,-1}
getInstDeps(64)=={49,8}
getDepDepth(186)==187
getDepDepth(171)==162
getInstDeps(1)=={-1,-1}
getInstDeps(134)=={90,133}
getInstDeps(42)=={13,28}
getDepDepth(52)==30
getDepDepth(150)==99
getDepDepth(53)==16
getDepDepth(193)==114
getDepDepth(55)==43
getDepDepth(177)==200
getInstDeps(98)=={87,42}
getDepDepth(169)==164
