Reading the opcodes latency info from tests/test310.dat ... Got latency for 9 opcodes
Reading the program file tests/test310.in ... Found 200 instructions
getProgDepth()==251
getDepDepth(148)==135
getInstDeps(63)=={57,11}
getInstDeps(44)=={21,35}
getDepDepth(98)==58
getInstDeps(2)=={-1,-1}
getDepDepth(195)==234
getInstDeps(75)=={45,18}
getInstDeps(161)=={134,154}
getInstDeps(100)=={81,98}
getDepDepth(163)==113
getDepDepth(190)==106
getDepDepth(129)==78
getInstDeps(101)=={93,79}
getInstDeps(190)=={111,172}
getInstDeps(86)=={45,81}
getDepDepth(129)==78
getInstDeps(91)=={85,85}
getDepDepth(157)==152
getDepDepth(18)==37
getInstDeps(63)=={57,11}
getDepDepth(120)==89
getDepDepth(36)==22
getInstDeps(113)=={60,96}
getDepDepth(148)==135
getDepDepth(75)==60
getInstDeps(57)=={18,39}
getInstDeps(67)=={-1,41}
getInstDeps(22)=={6,9}
getInstDeps(94)=={90,81}
getInstDeps(185)=={175,136}
getDepDepth(191)==132
getInstDeps(107)=={84,95}
getDepDepth(71)==70
getInstDeps(78)=={67,52}
getDepDepth(30)==13
getInstDeps(187)=={151,-1}
getInstDeps(193)=={170,111}
getInstDeps(30)=={25,-1}
getInstDeps(136)=={133,111}
getInstDeps(181)=={173,115}
getInstDeps(119)=={117,99}
getDepDepth(10)==11
getInstDeps(140)=={129,136}
getInstDeps(110)=={70,-1}
getDepDepth(98)==58
getDepDepth(137)==128
getInstDeps(143)=={109,106}
getDepDepth(76)==70
getInstDeps(140)=={129,136}
getDepDepth(143)==109
getInstDeps(105)=={96,41}
getDepDepth(81)==106
getDepDepth(32)==22
getDepDepth(4)==0
getInstDeps(183)=={172,113}
getDepDepth(180)==131
getInstDeps(149)=={145,109}
getDepDepth(177)==110
getInstDeps(121)=={70,113}
getDepDepth(144)==128
getDepDepth(164)==138
getDepDepth(79)==83
getDepDepth(186)==236
getInstDeps(62)=={22,39}
getInstDeps(90)=={52,66}
getInstDeps(31)=={23,-1}
getDepDepth(1)==3
getInstDeps(115)=={113,93}
getInstDeps(17)=={-1,-1}
getInstDeps(45)=={-1,31}
getInstDeps(136)=={133,111}
getInstDeps(109)=={105,52}
getInstDeps(136)=={133,111}
getInstDeps(102)=={88,96}
getDepDepth(142)==113
getInstDeps(126)=={99,121}
getDepDepth(8)==0
getInstDeps(79)=={71,52}
getDepDepth(163)==113
getDepDepth(130)==73
getInstDeps(53)=={49,52}
getInstDeps(161)=={134,154}
getDepDepth(149)==135
getDepDepth(80)==89
getInstDeps(137)=={122,96}
getInstDeps(199)=={187,197}
getDepDepth(160)==152
getDepDepth(48)==17
getDepDepth(105)==97
getInstDeps(4)=={-1,-1}
getDepDepth(79)==83
getInstDeps(34)=={33,17}
getDepDepth(93)==68
getInstDeps(94)=={90,81}
getInstDeps(147)=={138,140}
getDepDepth(170)==157
getDepDepth(175)==196
getDepDepth(17)==0
getDepDepth(50)==43
getInstDeps(191)=={176,130}
getDepDepth(165)==150
getDepDepth(130)==73
getDepDepth(37)==0
getInstDeps(0)=={-1,-1}
getDepDepth(151)==108
getDepDepth(162)==159
getInstDeps(12)=={-1,9}
getDepDepth(42)==0
getDepDepth(74)==57
getDepDepth(132)==104
getDepDepth(117)==140
getDepDepth(4)==0
getInstDeps(22)=={6,9}
getInstDeps(3)=={-1,1}
getDepDepth(134)==109
getDepDepth(199)==248
getDepDepth(124)==65
getInstDeps(188)=={115,185}
getInstDeps(135)=={129,134}
getInstDeps(197)=={179,196}
getDepDepth(57)==60
getInstDeps(46)=={8,-1}
getDepDepth(154)==109
getInstDeps(57)=={18,39}
getInstDeps(169)=={148,111}
getDepDepth(84)==45
getDepDepth(110)==70
getInstDeps(65)=={-1,52}
getInstDeps(170)=={115,169}
getInstDeps(69)=={53,37}
getInstDeps(186)=={143,184}
getDepDepth(40)==57
getInstDeps(88)=={74,60}
