Reading the opcodes latency info from tests/test113.dat ... Got latency for 9 opcodes
Reading the program file tests/test113.in ... Found 200 instructions
getProgDepth()==237
getDepDepth(179)==175
getInstDeps(153)=={113,108}
getDepDepth(88)==80
getInstDeps(29)=={26,22}
getInstDeps(1)=={-1,-1}
getInstDeps(76)=={71,36}
getDepDepth(22)==24
getInstDeps(176)=={106,140}
getDepDepth(122)==106
getDepDepth(162)==190
getDepDepth(99)==77
getDepDepth(110)==106
getInstDeps(47)=={42,-1}
getInstDeps(190)=={183,115}
getDepDepth(131)==67
getInstDeps(160)=={108,66}
getDepDepth(199)==137
getDepDepth(30)==42
getDepDepth(44)==41
getDepDepth(30)==42
getDepDepth(112)==134
getDepDepth(114)==108
getDepDepth(107)==108
getInstDeps(61)=={29,15}
getDepDepth(8)==8
getInstDeps(66)=={15,55}
getInstDeps(70)=={29,29}
getInstDeps(56)=={28,43}
getInstDeps(65)=={46,54}
getInstDeps(20)=={-1,9}
getInstDeps(87)=={71,71}
getDepDepth(35)==31
getDepDepth(155)==80
getInstDeps(57)=={34,29}
getInstDeps(176)=={106,140}
getDepDepth(150)==103
getDepDepth(147)==120
getInstDeps(180)=={172,167}
getInstDeps(170)=={157,162}
getInstDeps(98)=={81,72}
getDepDepth(127)==104
getInstDeps(130)=={124,92}
getDepDepth(128)==115
getInstDeps(80)=={56,74}
getDepDepth(11)==0
getDepDepth(14)==30
getInstDeps(84)=={56,4}
getInstDeps(138)=={109,110}
getInstDeps(157)=={149,108}
getDepDepth(91)==92
getInstDeps(37)=={-1,22}
getInstDeps(186)=={156,175}
getInstDeps(169)=={166,115}
getInstDeps(84)=={56,4}
getInstDeps(109)=={29,97}
getInstDeps(95)=={45,71}
getDepDepth(95)==57
getInstDeps(187)=={106,115}
getInstDeps(58)=={6,29}
getDepDepth(166)==197
getInstDeps(6)=={-1,-1}
getDepDepth(157)==190
getDepDepth(106)==92
getDepDepth(119)==86
getInstDeps(42)=={-1,1}
getInstDeps(34)=={-1,3}
getDepDepth(35)==31
getInstDeps(78)=={66,71}
getInstDeps(76)=={71,36}
getDepDepth(30)==42
getInstDeps(21)=={3,20}
getInstDeps(100)=={66,86}
getDepDepth(74)==79
getInstDeps(192)=={185,170}
getDepDepth(0)==0
getDepDepth(150)==103
getInstDeps(12)=={4,10}
