Reading the opcodes latency info from tests/test240.dat ... Got latency for 9 opcodes
Reading the program file tests/test240.in ... Found 200 instructions
getProgDepth()==265
getDepDepth(15)==0
getDepDepth(40)==43
getDepDepth(131)==175
getDepDepth(94)==144
getDepDepth(192)==231
getInstDeps(178)=={60,143}
getDepDepth(198)==219
getInstDeps(132)=={78,119}
getDepDepth(188)==217
getDepDepth(106)==141
getDepDepth(161)==194
getDepDepth(72)==126
getInstDeps(158)=={129,155}
getInstDeps(175)=={139,112}
getDepDepth(100)==154
getDepDepth(96)==154
getDepDepth(172)==203
getDepDepth(71)==65
getInstDeps(183)=={41,159}
getDepDepth(82)==147
getInstDeps(32)=={-1,30}
getDepDepth(44)==25
getInstDeps(185)=={184,162}
getInstDeps(41)=={-1,28}
getDepDepth(151)==194
getInstDeps(8)=={-1,-1}
getDepDepth(99)==144
getDepDepth(112)==167
getDepDepth(126)==178
getInstDeps(67)=={49,1}
getDepDepth(143)==154
getInstDeps(180)=={121,112}
getInstDeps(83)=={25,62}
getDepDepth(76)==113
getDepDepth(132)==160
getInstDeps(174)=={155,58}
getInstDeps(182)=={181,167}
getDepDepth(79)==113
getInstDeps(36)=={-1,16}
getDepDepth(127)==168
getInstDeps(139)=={121,128}
getInstDeps(167)=={137,155}
getInstDeps(64)=={60,63}
getInstDeps(56)=={33,51}
getDepDepth(58)==102
getInstDeps(64)=={60,63}
getInstDeps(198)=={171,60}
getInstDeps(116)=={98,78}
getInstDeps(152)=={143,150}
getInstDeps(89)=={72,67}
getInstDeps(39)=={25,8}
getInstDeps(126)=={71,117}
getDepDepth(13)==0
getDepDepth(94)==144
getInstDeps(178)=={60,143}
getInstDeps(40)=={13,36}
getDepDepth(195)==240
getInstDeps(60)=={25,47}
getDepDepth(58)==102
getInstDeps(132)=={78,119}
getInstDeps(44)=={35,-1}
getDepDepth(78)==124
getInstDeps(98)=={71,79}
getDepDepth(121)==147
getInstDeps(19)=={15,-1}
getInstDeps(37)=={10,-1}
getInstDeps(12)=={-1,-1}
getInstDeps(67)=={49,1}
