Reading the opcodes latency info from tests/test44.dat ... Got latency for 9 opcodes
Reading the program file tests/test44.in ... Found 200 instructions
getProgDepth()==207
getDepDepth(27)==22
getInstDeps(164)=={140,150}
getInstDeps(196)=={153,99}
getDepDepth(161)==171
getDepDepth(56)==28
getDepDepth(64)==36
getDepDepth(125)==107
getDepDepth(117)==84
getDepDepth(196)==161
getDepDepth(70)==3
getInstDeps(60)=={51,49}
getDepDepth(161)==171
getInstDeps(20)=={10,5}
getDepDepth(68)==80
getDepDepth(101)==107
getInstDeps(89)=={86,58}
getDepDepth(149)==120
getDepDepth(143)==106
getDepDepth(87)==96
getInstDeps(110)=={94,84}
getDepDepth(176)==167
getInstDeps(11)=={-1,5}
getInstDeps(29)=={7,5}
getInstDeps(108)=={79,82}
getInstDeps(127)=={126,32}
getInstDeps(96)=={78,58}
getInstDeps(136)=={111,132}
getInstDeps(159)=={131,112}
getInstDeps(28)=={-1,5}
getInstDeps(165)=={133,138}
getDepDepth(48)==35
getInstDeps(4)=={-1,-1}
getInstDeps(79)=={60,38}
getInstDeps(74)=={32,39}
getDepDepth(50)==63
getInstDeps(88)=={74,43}
getDepDepth(73)==23
getInstDeps(164)=={140,150}
getDepDepth(85)==96
getInstDeps(38)=={3,5}
getDepDepth(49)==84
getInstDeps(168)=={146,159}
getDepDepth(130)==114
getInstDeps(191)=={172,188}
getDepDepth(48)==35
getInstDeps(118)=={108,90}
getDepDepth(6)==3
getInstDeps(9)=={-1,7}
getDepDepth(143)==106
getInstDeps(10)=={-1,-1}
getDepDepth(158)==117
getDepDepth(81)==50
getDepDepth(41)==36
getInstDeps(149)=={145,133}
getDepDepth(43)==42
getDepDepth(18)==0
getDepDepth(86)==42
getInstDeps(182)=={125,173}
getDepDepth(68)==80
getInstDeps(160)=={151,77}
getInstDeps(164)=={140,150}
getInstDeps(196)=={153,99}
getInstDeps(128)=={49,126}
getInstDeps(195)=={192,181}
getInstDeps(188)=={133,158}
getInstDeps(29)=={7,5}
getInstDeps(52)=={24,28}
getDepDepth(57)==61
getDepDepth(48)==35
getInstDeps(54)=={-1,53}
getDepDepth(93)==87
getInstDeps(24)=={-1,21}
getDepDepth(23)==47
getDepDepth(52)==43
getInstDeps(127)=={126,32}
getDepDepth(173)==147
getDepDepth(22)==5
getDepDepth(184)==167
getInstDeps(108)=={79,82}
getDepDepth(159)==158
getDepDepth(75)==45
getDepDepth(126)==87
getInstDeps(193)=={139,150}
getDepDepth(94)==77
getDepDepth(33)==28
getDepDepth(37)==61
