Reading the opcodes latency info from tests/test244.dat ... Got latency for 9 opcodes
Reading the program file tests/test244.in ... Found 200 instructions
getProgDepth()==272
getDepDepth(130)==200
getInstDeps(48)=={36,29}
getInstDeps(173)=={151,125}
getDepDepth(196)==251
getInstDeps(24)=={-1,22}
getInstDeps(120)=={9,94}
getInstDeps(14)=={-1,9}
getDepDepth(190)==197
getInstDeps(6)=={2,-1}
getInstDeps(152)=={114,110}
getDepDepth(56)==120
getDepDepth(140)==202
getDepDepth(116)==197
getInstDeps(172)=={141,145}
getInstDeps(131)=={128,129}
getInstDeps(93)=={75,78}
getDepDepth(143)==180
getInstDeps(145)=={12,125}
getInstDeps(84)=={70,30}
getInstDeps(115)=={55,114}
getDepDepth(168)==223
getInstDeps(40)=={37,16}
getInstDeps(110)=={82,83}
getInstDeps(7)=={-1,-1}
getDepDepth(27)==19
getInstDeps(168)=={167,125}
getDepDepth(91)==0
getDepDepth(86)==156
getInstDeps(166)=={141,145}
getDepDepth(91)==0
getInstDeps(22)=={8,-1}
getInstDeps(106)=={55,9}
getDepDepth(89)==149
getDepDepth(3)==0
getInstDeps(130)=={116,12}
getDepDepth(7)==0
getDepDepth(1)==0
getDepDepth(63)==53
getDepDepth(56)==120
getDepDepth(116)==197
getDepDepth(134)==177
getInstDeps(175)=={168,171}
getInstDeps(73)=={65,-1}
getDepDepth(135)==79
getInstDeps(42)=={41,40}
getDepDepth(187)==226
getDepDepth(49)==23
getInstDeps(116)=={60,108}
getInstDeps(20)=={15,-1}
getDepDepth(22)==20
getInstDeps(118)=={108,-1}
getDepDepth(51)==80
getDepDepth(173)==180
getDepDepth(149)==197
getDepDepth(147)==78
getDepDepth(112)==72
getDepDepth(140)==202
getInstDeps(38)=={32,7}
getInstDeps(101)=={100,97}
getDepDepth(150)==180
getInstDeps(98)=={97,83}
getDepDepth(51)==80
getInstDeps(110)=={82,83}
getInstDeps(106)=={55,9}
getInstDeps(58)=={7,30}
getInstDeps(170)=={123,168}
getDepDepth(65)==139
getInstDeps(139)=={108,126}
getDepDepth(95)==175
getDepDepth(146)==221
getInstDeps(26)=={17,-1}
getInstDeps(48)=={36,29}
getDepDepth(164)==214
getInstDeps(52)=={46,12}
getDepDepth(100)==72
getInstDeps(180)=={163,118}
getDepDepth(143)==180
getDepDepth(121)==2
getDepDepth(178)==216
getInstDeps(163)=={125,71}
getInstDeps(185)=={147,168}
getInstDeps(198)=={147,180}
getInstDeps(153)=={134,129}
getInstDeps(138)=={116,108}
getInstDeps(77)=={7,25}
getInstDeps(107)=={86,83}
getDepDepth(146)==221
getDepDepth(150)==180
getDepDepth(146)==221
getDepDepth(55)==72
getDepDepth(139)==197
getDepDepth(142)==194
getInstDeps(105)=={91,86}
getInstDeps(93)=={75,78}
getInstDeps(41)=={5,12}
getDepDepth(8)==3
getDepDepth(46)==42
getInstDeps(169)=={123,167}
getInstDeps(59)=={25,55}
getInstDeps(156)=={71,124}
getInstDeps(50)=={34,41}
getInstDeps(150)=={148,145}
getInstDeps(101)=={100,97}
getInstDeps(184)=={173,159}
