Reading the opcodes latency info from tests/test109.dat ... Got latency for 9 opcodes
Reading the program file tests/test109.in ... Found 200 instructions
getProgDepth()==231
getInstDeps(13)=={-1,-1}
getInstDeps(107)=={20,40}
getDepDepth(10)==13
getInstDeps(106)=={104,70}
getInstDeps(93)=={40,33}
getInstDeps(171)=={113,137}
getDepDepth(52)==66
getDepDepth(25)==45
getDepDepth(169)==179
getDepDepth(171)==132
getDepDepth(163)==178
getInstDeps(199)=={186,196}
getDepDepth(67)==73
getDepDepth(10)==13
getInstDeps(52)=={40,44}
getDepDepth(40)==55
getDepDepth(120)==85
getDepDepth(18)==0
getInstDeps(102)=={83,88}
getDepDepth(95)==112
getInstDeps(45)=={37,-1}
getInstDeps(178)=={158,127}
getInstDeps(106)=={104,70}
getDepDepth(139)==101
getInstDeps(178)=={158,127}
getDepDepth(4)==0
getInstDeps(50)=={-1,42}
getInstDeps(40)=={22,28}
getInstDeps(110)=={68,97}
getInstDeps(133)=={118,86}
getInstDeps(61)=={45,42}
getDepDepth(55)==71
getDepDepth(119)==109
getInstDeps(104)=={92,82}
getInstDeps(27)=={-1,-1}
getDepDepth(11)==0
getDepDepth(43)==73
getInstDeps(36)=={34,17}
getInstDeps(125)=={86,124}
getInstDeps(172)=={157,156}
getInstDeps(198)=={195,147}
getDepDepth(30)==0
getInstDeps(133)=={118,86}
getDepDepth(195)==192
getDepDepth(148)==155
getInstDeps(82)=={24,73}
getInstDeps(89)=={54,44}
getDepDepth(27)==0
getDepDepth(83)==51
getDepDepth(75)==68
getInstDeps(30)=={-1,-1}
getDepDepth(186)==195
getDepDepth(155)==169
getDepDepth(0)==0
getInstDeps(167)=={137,126}
getDepDepth(32)==0
getDepDepth(170)==182
getDepDepth(74)==97
getDepDepth(64)==95
getDepDepth(17)==45
getInstDeps(117)=={98,71}
getDepDepth(104)==79
getInstDeps(82)=={24,73}
getInstDeps(186)=={160,168}
getDepDepth(10)==13
getInstDeps(92)=={62,43}
getDepDepth(123)==122
getInstDeps(96)=={56,55}
getDepDepth(144)==158
getInstDeps(96)=={56,55}
getInstDeps(146)=={124,135}
getInstDeps(142)=={80,132}
getDepDepth(123)==122
getInstDeps(7)=={-1,-1}
getInstDeps(171)=={113,137}
getDepDepth(192)==179
getInstDeps(95)=={-1,94}
getInstDeps(187)=={163,147}
getInstDeps(177)=={157,168}
getDepDepth(152)==163
getDepDepth(171)==132
getInstDeps(137)=={133,107}
getDepDepth(143)==131
getDepDepth(58)==74
getDepDepth(106)==98
getDepDepth(16)==11
getDepDepth(87)==18
getDepDepth(156)==174
getDepDepth(48)==45
getDepDepth(43)==73
getDepDepth(11)==0
getDepDepth(9)==0
getInstDeps(51)=={25,16}
getDepDepth(70)==34
getDepDepth(192)==179
getInstDeps(33)=={-1,-1}
getDepDepth(75)==68
getDepDepth(74)==97
getInstDeps(199)=={186,196}
getInstDeps(73)=={20,-1}
getInstDeps(162)=={156,148}
getDepDepth(47)==34
getDepDepth(149)==158
getInstDeps(13)=={-1,-1}
getDepDepth(21)==32
getInstDeps(78)=={45,61}
getDepDepth(195)==192
getInstDeps(0)=={-1,-1}
getDepDepth(132)==112
getDepDepth(30)==0
getDepDepth(106)==98
getDepDepth(45)==11
getDepDepth(139)==101
getDepDepth(22)==10
getInstDeps(95)=={-1,94}
getDepDepth(99)==54
getInstDeps(160)=={138,134}
getInstDeps(75)=={22,25}
getDepDepth(123)==122
getDepDepth(106)==98
getInstDeps(168)=={166,161}
getInstDeps(18)=={-1,-1}
getDepDepth(80)==68
getDepDepth(28)==50
getDepDepth(120)==85
getDepDepth(64)==95
getDepDepth(30)==0
getInstDeps(159)=={20,152}
getDepDepth(119)==109
getInstDeps(98)=={54,77}
getInstDeps(180)=={179,177}
getDepDepth(183)==174
getDepDepth(11)==0
getInstDeps(55)=={33,51}
getDepDepth(132)==112
getInstDeps(165)=={120,141}
getDepDepth(55)==71
getInstDeps(64)=={55,49}
getDepDepth(193)==196
