Reading the opcodes latency info from tests/test116.dat ... Got latency for 9 opcodes
Reading the program file tests/test116.in ... Found 200 instructions
getProgDepth()==254
getDepDepth(82)==88
getDepDepth(167)==165
getDepDepth(184)==199
getInstDeps(190)=={188,170}
getInstDeps(84)=={81,60}
getDepDepth(74)==85
getDepDepth(25)==40
getInstDeps(144)=={139,78}
getDepDepth(123)==167
getDepDepth(190)==228
getInstDeps(181)=={174,179}
getInstDeps(90)=={53,32}
getInstDeps(3)=={-1,-1}
getDepDepth(56)==78
getDepDepth(41)==57
getInstDeps(113)=={92,102}
getDepDepth(128)==165
getInstDeps(99)=={61,14}
getInstDeps(75)=={65,-1}
getInstDeps(67)=={-1,9}
getInstDeps(101)=={97,94}
getInstDeps(148)=={135,138}
getDepDepth(17)==0
getDepDepth(63)==99
getDepDepth(142)==193
getDepDepth(119)==123
getInstDeps(196)=={164,175}
getInstDeps(17)=={-1,-1}
getDepDepth(179)==116
getDepDepth(120)==162
getDepDepth(178)==179
getInstDeps(146)=={107,140}
getInstDeps(12)=={-1,0}
getInstDeps(158)=={144,155}
getDepDepth(102)==118
getDepDepth(43)==63
getDepDepth(13)==0
getDepDepth(160)==196
getDepDepth(131)==127
getInstDeps(69)=={32,14}
getDepDepth(35)==45
getInstDeps(114)=={71,61}
getInstDeps(198)=={190,191}
getInstDeps(89)=={84,81}
getDepDepth(6)==0
getDepDepth(119)==123
getDepDepth(2)==0
getDepDepth(5)==0
getInstDeps(171)=={117,167}
getDepDepth(24)==31
getInstDeps(184)=={152,170}
getInstDeps(148)=={135,138}
getDepDepth(162)==212
getInstDeps(157)=={14,142}
getInstDeps(135)=={112,78}
getDepDepth(71)==106
getInstDeps(174)=={147,167}
getInstDeps(114)=={71,61}
getDepDepth(116)==136
getInstDeps(31)=={-1,23}
getDepDepth(143)==123
getInstDeps(16)=={-1,-1}
getInstDeps(57)=={33,8}
getDepDepth(56)==78
getDepDepth(55)==20
getDepDepth(135)==127
getDepDepth(3)==0
getInstDeps(175)=={173,155}
getDepDepth(38)==41
getDepDepth(93)==143
getInstDeps(133)=={103,72}
getInstDeps(95)=={9,71}
getInstDeps(77)=={72,73}
getInstDeps(85)=={32,69}
getInstDeps(188)=={169,183}
getInstDeps(114)=={71,61}
getInstDeps(53)=={51,25}
getInstDeps(176)=={120,170}
getDepDepth(7)==23
getDepDepth(176)==199
getInstDeps(129)=={121,118}
getDepDepth(117)==141
getDepDepth(56)==78
getInstDeps(189)=={167,135}
getInstDeps(99)=={61,14}
getDepDepth(187)==212
getInstDeps(110)=={76,99}
getDepDepth(182)==200
getDepDepth(104)==107
getInstDeps(13)=={-1,-1}
getInstDeps(172)=={135,152}
getDepDepth(119)==123
getDepDepth(145)==163
getInstDeps(114)=={71,61}
getInstDeps(191)=={156,147}
getDepDepth(194)==231
getInstDeps(20)=={-1,-1}
getDepDepth(9)==0
getDepDepth(161)==151
getDepDepth(196)==236
getInstDeps(35)=={25,14}
getInstDeps(38)=={27,21}
getDepDepth(99)==99
getInstDeps(120)=={108,61}
getInstDeps(27)=={-1,6}
getDepDepth(117)==141
getDepDepth(69)==58
getInstDeps(61)=={47,37}
getDepDepth(147)==156
getDepDepth(121)==127
getInstDeps(160)=={150,152}
getDepDepth(170)==182
getDepDepth(8)==17
getDepDepth(153)==163
getInstDeps(184)=={152,170}
getDepDepth(142)==193
getDepDepth(80)==87
getDepDepth(180)==200
getInstDeps(19)=={6,-1}
getInstDeps(93)=={89,70}
getDepDepth(18)==14
getInstDeps(133)=={103,72}
getInstDeps(144)=={139,78}
getInstDeps(198)=={190,191}
