Reading the opcodes latency info from tests/test382.dat ... Got latency for 9 opcodes
Reading the program file tests/test382.in ... Found 200 instructions
getProgDepth()==217
getInstDeps(192)=={174,137}
getDepDepth(166)==158
getInstDeps(185)=={182,177}
getInstDeps(110)=={107,43}
getDepDepth(182)==131
getDepDepth(66)==14
getDepDepth(46)==70
getInstDeps(17)=={9,-1}
getDepDepth(31)==40
getDepDepth(118)==148
getDepDepth(124)==65
getInstDeps(180)=={138,135}
getInstDeps(100)=={85,91}
getInstDeps(39)=={33,24}
getDepDepth(53)==26
getDepDepth(70)==52
getDepDepth(19)==0
getInstDeps(142)=={91,72}
getInstDeps(69)=={68,51}
getInstDeps(159)=={146,92}
getInstDeps(106)=={43,102}
getDepDepth(118)==148
getDepDepth(29)==21
getInstDeps(42)=={-1,-1}
getInstDeps(21)=={-1,7}
getInstDeps(86)=={85,56}
getInstDeps(5)=={-1,-1}
getDepDepth(84)==59
getInstDeps(46)=={45,-1}
getDepDepth(181)==149
getInstDeps(80)=={24,70}
getDepDepth(40)==45
getDepDepth(105)==92
getInstDeps(85)=={71,-1}
getInstDeps(118)=={112,111}
getDepDepth(99)==82
getInstDeps(91)=={34,14}
getDepDepth(66)==14
getInstDeps(50)=={46,48}
getInstDeps(30)=={13,8}
getInstDeps(160)=={146,147}
getInstDeps(22)=={15,-1}
getDepDepth(27)==0
getDepDepth(118)==148
getInstDeps(1)=={-1,-1}
getInstDeps(50)=={46,48}
getDepDepth(190)==200
getDepDepth(163)==137
getInstDeps(166)=={148,148}
getDepDepth(92)==101
