Reading the opcodes latency info from tests/test396.dat ... Got latency for 9 opcodes
Reading the program file tests/test396.in ... Found 200 instructions
getProgDepth()==283
getDepDepth(7)==0
getInstDeps(70)=={47,57}
getDepDepth(112)==89
getInstDeps(68)=={2,-1}
getInstDeps(139)=={128,46}
getInstDeps(82)=={12,15}
getInstDeps(186)=={122,175}
getDepDepth(109)==115
getDepDepth(26)==55
getInstDeps(106)=={62,62}
getDepDepth(110)==121
getDepDepth(43)==56
getInstDeps(112)=={106,96}
getDepDepth(11)==0
getInstDeps(26)=={5,18}
getInstDeps(21)=={15,10}
getDepDepth(55)==62
getInstDeps(96)=={93,62}
getInstDeps(138)=={113,115}
getDepDepth(177)==135
getDepDepth(58)==43
getInstDeps(13)=={-1,-1}
getDepDepth(77)==116
getDepDepth(196)==256
getDepDepth(178)==251
getInstDeps(184)=={167,148}
getDepDepth(1)==0
getDepDepth(147)==172
getDepDepth(85)==104
getDepDepth(113)==145
getDepDepth(133)==135
getInstDeps(68)=={2,-1}
getInstDeps(141)=={71,46}
getDepDepth(52)==55
getInstDeps(70)=={47,57}
getInstDeps(98)=={52,82}
getInstDeps(119)=={111,110}
getInstDeps(1)=={-1,-1}
getInstDeps(72)=={15,47}
getInstDeps(72)=={15,47}
getDepDepth(137)==128
getDepDepth(25)==5
getDepDepth(143)==143
getInstDeps(5)=={-1,-1}
getDepDepth(98)==57
getDepDepth(167)==234
getInstDeps(184)=={167,148}
getInstDeps(55)=={54,31}
getInstDeps(138)=={113,115}
getInstDeps(111)=={108,110}
getInstDeps(126)=={52,46}
getInstDeps(135)=={113,104}
getDepDepth(166)==211
getDepDepth(64)==0
getInstDeps(73)=={52,61}
getInstDeps(53)=={46,11}
getDepDepth(144)==179
getDepDepth(37)==51
getInstDeps(119)=={111,110}
getInstDeps(6)=={4,-1}
getDepDepth(110)==121
getDepDepth(97)==140
getDepDepth(116)==135
getInstDeps(33)=={2,-1}
getInstDeps(3)=={-1,-1}
getDepDepth(55)==62
getDepDepth(80)==114
getDepDepth(132)==156
getInstDeps(11)=={-1,-1}
getInstDeps(13)=={-1,-1}
getInstDeps(41)=={34,25}
getDepDepth(82)==19
getInstDeps(19)=={18,-1}
getDepDepth(96)==82
getDepDepth(160)==156
getDepDepth(36)==57
getDepDepth(167)==234
getDepDepth(180)==158
getInstDeps(20)=={9,-1}
getDepDepth(27)==49
getInstDeps(114)=={60,102}
getDepDepth(77)==116
getDepDepth(146)==135
getDepDepth(99)==106
getDepDepth(170)==191
getInstDeps(166)=={77,150}
getInstDeps(158)=={151,133}
getInstDeps(76)=={59,59}
getInstDeps(112)=={106,96}
getInstDeps(199)=={187,188}
getDepDepth(99)==106
getDepDepth(178)==251
getDepDepth(166)==211
getInstDeps(199)=={187,188}
getDepDepth(129)==175
getDepDepth(89)==117
getInstDeps(90)=={81,15}
getDepDepth(34)==27
getInstDeps(48)=={30,47}
getDepDepth(119)==145
getDepDepth(38)==16
getInstDeps(52)=={-1,18}
getInstDeps(100)=={44,88}
getInstDeps(42)=={38,-1}
getDepDepth(170)==191
getInstDeps(68)=={2,-1}
getDepDepth(29)==68
getDepDepth(131)==126
getInstDeps(74)=={30,60}
