Reading the opcodes latency info from tests/test75.dat ... Got latency for 9 opcodes
Reading the program file tests/test75.in ... Found 200 instructions
getProgDepth()==259
getInstDeps(188)=={144,102}
getDepDepth(191)==211
getDepDepth(190)==231
getInstDeps(110)=={91,107}
getDepDepth(68)==0
getDepDepth(158)==177
getDepDepth(117)==108
getInstDeps(125)=={115,91}
getInstDeps(20)=={15,-1}
getInstDeps(164)=={157,55}
getInstDeps(32)=={-1,-1}
getInstDeps(41)=={18,27}
getInstDeps(140)=={119,137}
getDepDepth(84)==85
getInstDeps(90)=={-1,80}
getInstDeps(108)=={80,68}
getInstDeps(154)=={139,55}
getInstDeps(106)=={90,56}
getDepDepth(59)==95
getInstDeps(158)=={145,119}
getDepDepth(57)==85
getInstDeps(122)=={117,32}
getInstDeps(193)=={166,143}
getInstDeps(3)=={-1,-1}
getInstDeps(43)=={13,-1}
getDepDepth(190)==231
getInstDeps(141)=={140,139}
getInstDeps(87)=={55,33}
getInstDeps(10)=={-1,-1}
getDepDepth(103)==65
getInstDeps(132)=={44,116}
getDepDepth(156)==149
getDepDepth(60)==42
getInstDeps(121)=={-1,108}
getDepDepth(91)==104
getInstDeps(36)=={-1,30}
getDepDepth(7)==19
getDepDepth(63)==26
getDepDepth(69)==19
getInstDeps(36)=={-1,30}
getDepDepth(43)==23
getDepDepth(153)==177
