Reading the opcodes latency info from tests/test128.dat ... Got latency for 9 opcodes
Reading the program file tests/test128.in ... Found 200 instructions
getProgDepth()==304
getInstDeps(65)=={18,36}
getInstDeps(13)=={-1,-1}
getInstDeps(191)=={165,185}
getDepDepth(167)==196
getInstDeps(56)=={31,29}
getInstDeps(188)=={159,167}
getInstDeps(43)=={7,20}
getDepDepth(53)==64
getInstDeps(44)=={18,32}
getInstDeps(160)=={127,150}
getDepDepth(52)==64
getDepDepth(48)==49
getDepDepth(177)==237
getDepDepth(131)==185
getDepDepth(86)==82
getDepDepth(195)==269
getInstDeps(118)=={117,44}
getDepDepth(102)==145
getInstDeps(194)=={167,190}
getDepDepth(0)==0
getInstDeps(71)=={69,-1}
getInstDeps(180)=={123,127}
getInstDeps(185)=={181,175}
getDepDepth(123)==177
getInstDeps(28)=={-1,27}
getInstDeps(51)=={0,30}
getDepDepth(147)==224
getInstDeps(137)=={77,44}
getInstDeps(54)=={30,38}
getDepDepth(12)==0
getInstDeps(136)=={130,117}
getInstDeps(27)=={14,7}
getInstDeps(39)=={15,18}
getDepDepth(178)==273
getInstDeps(115)=={51,103}
getDepDepth(129)==185
getInstDeps(7)=={-1,-1}
getInstDeps(111)=={110,75}
getInstDeps(157)=={147,137}
getInstDeps(127)=={61,56}
getDepDepth(130)==177
getInstDeps(158)=={147,136}
getInstDeps(103)=={88,95}
getInstDeps(147)=={78,139}
getDepDepth(44)==42
getInstDeps(115)=={51,103}
