Reading the opcodes latency info from tests/test82.dat ... Got latency for 9 opcodes
Reading the program file tests/test82.in ... Found 200 instructions
getProgDepth()==286
getInstDeps(87)=={75,76}
getDepDepth(30)==37
getDepDepth(174)==228
getDepDepth(170)==242
getDepDepth(75)==48
getInstDeps(43)=={-1,35}
getInstDeps(132)=={126,131}
getInstDeps(80)=={52,48}
getInstDeps(95)=={89,89}
getDepDepth(24)==37
getInstDeps(195)=={182,194}
getInstDeps(83)=={79,15}
getDepDepth(132)==145
getInstDeps(182)=={122,136}
getInstDeps(181)=={92,174}
getInstDeps(190)=={170,183}
getDepDepth(99)==66
getInstDeps(18)=={-1,7}
getDepDepth(59)==55
getDepDepth(120)==80
getDepDepth(151)==190
getDepDepth(81)==75
getInstDeps(133)=={-1,-1}
getInstDeps(192)=={152,170}
getDepDepth(58)==73
getDepDepth(167)==173
getDepDepth(7)==13
getDepDepth(21)==13
getDepDepth(100)==115
getInstDeps(77)=={13,52}
getInstDeps(24)=={18,-1}
getDepDepth(195)==264
getInstDeps(74)=={61,13}
getDepDepth(108)==40
getInstDeps(160)=={131,149}
getDepDepth(16)==33
getDepDepth(1)==0
getInstDeps(91)=={67,83}
getInstDeps(5)=={-1,-1}
getDepDepth(133)==0
getDepDepth(3)==0
getDepDepth(147)==150
getInstDeps(22)=={-1,-1}
getInstDeps(108)=={38,38}
getInstDeps(182)=={122,136}
getDepDepth(18)==30
getDepDepth(126)==134
getDepDepth(20)==30
getDepDepth(20)==30
getDepDepth(71)==82
getDepDepth(13)==30
getDepDepth(22)==0
getInstDeps(34)=={-1,33}
getDepDepth(96)==62
getInstDeps(197)=={170,195}
getDepDepth(172)==225
getDepDepth(41)==52
getDepDepth(179)==236
getDepDepth(180)==242
getDepDepth(93)==0
getDepDepth(57)==75
getInstDeps(65)=={31,13}
getDepDepth(76)==62
getInstDeps(102)=={101,63}
getDepDepth(56)==43
getInstDeps(13)=={3,7}
getInstDeps(118)=={61,90}
getDepDepth(104)==106
getDepDepth(77)==75
getDepDepth(149)==117
getDepDepth(122)==108
getDepDepth(14)==3
getInstDeps(22)=={-1,-1}
getDepDepth(39)==0
getInstDeps(79)=={69,70}
getInstDeps(150)=={139,141}
getInstDeps(140)=={-1,139}
getDepDepth(183)==241
getInstDeps(36)=={13,28}
