Reading the opcodes latency info from tests/test177.dat ... Got latency for 9 opcodes
Reading the program file tests/test177.in ... Found 200 instructions
getProgDepth()==295
getDepDepth(185)==272
getDepDepth(3)==0
getDepDepth(64)==100
getInstDeps(105)=={25,97}
getInstDeps(20)=={-1,-1}
getInstDeps(131)=={128,113}
getDepDepth(143)==194
getDepDepth(124)==170
getInstDeps(3)=={-1,-1}
getInstDeps(53)=={39,-1}
getInstDeps(18)=={5,15}
getInstDeps(115)=={111,-1}
getDepDepth(128)==176
getDepDepth(11)==23
getDepDepth(68)==123
getDepDepth(115)==170
getInstDeps(121)=={71,101}
getDepDepth(148)==228
getDepDepth(5)==0
getDepDepth(99)==60
getInstDeps(172)=={171,129}
getInstDeps(10)=={7,-1}
getDepDepth(163)==221
getInstDeps(10)=={7,-1}
getDepDepth(150)==216
getDepDepth(61)==83
getInstDeps(189)=={150,154}
getInstDeps(26)=={5,2}
getInstDeps(75)=={64,-1}
getDepDepth(150)==216
getDepDepth(154)==236
getInstDeps(76)=={60,-1}
getDepDepth(47)==30
getDepDepth(127)==156
getDepDepth(126)==77
getInstDeps(185)=={180,176}
getDepDepth(86)==83
getInstDeps(121)=={71,101}
getDepDepth(159)==236
getInstDeps(90)=={80,87}
getInstDeps(176)=={135,173}
getDepDepth(119)==212
getInstDeps(31)=={26,13}
getDepDepth(152)==192
getInstDeps(161)=={158,147}
getDepDepth(31)==26
getInstDeps(121)=={71,101}
getDepDepth(57)==47
getDepDepth(40)==34
getInstDeps(67)=={30,52}
getDepDepth(163)==221
getDepDepth(174)==215
getInstDeps(5)=={-1,-1}
getInstDeps(190)=={169,139}
getInstDeps(132)=={127,118}
getDepDepth(62)==36
getDepDepth(74)==17
getInstDeps(124)=={79,111}
getDepDepth(160)==101
getDepDepth(190)==238
getDepDepth(177)==228
getInstDeps(20)=={-1,-1}
getInstDeps(7)=={-1,1}
getDepDepth(136)==84
getInstDeps(137)=={127,79}
getInstDeps(22)=={-1,3}
getInstDeps(13)=={-1,-1}
getInstDeps(46)=={11,-1}
getDepDepth(33)==0
getInstDeps(38)=={21,0}
getInstDeps(5)=={-1,-1}
getDepDepth(198)==227
getDepDepth(199)==258
getInstDeps(143)=={142,139}
getInstDeps(94)=={40,93}
getDepDepth(115)==170
getInstDeps(11)=={4,-1}
getDepDepth(92)==44
getDepDepth(188)==253
getInstDeps(60)=={-1,-1}
getInstDeps(147)=={90,101}
getInstDeps(106)=={94,92}
getDepDepth(159)==236
getDepDepth(134)==169
getDepDepth(190)==238
getInstDeps(131)=={128,113}
getDepDepth(22)==17
getDepDepth(98)==202
getDepDepth(100)==153
getInstDeps(101)=={89,52}
getInstDeps(30)=={-1,-1}
getInstDeps(107)=={95,105}
getInstDeps(54)=={45,51}
getDepDepth(102)==64
getInstDeps(146)=={101,123}
getDepDepth(194)==222
getDepDepth(101)==152
getInstDeps(183)=={154,161}
getDepDepth(63)==100
getDepDepth(108)==197
getInstDeps(76)=={60,-1}
getInstDeps(132)=={127,118}
getInstDeps(178)=={144,161}
getInstDeps(54)=={45,51}
getInstDeps(28)=={-1,12}
getInstDeps(153)=={124,104}
getInstDeps(174)=={71,157}
getDepDepth(31)==26
getDepDepth(44)==44
