Reading the opcodes latency info from tests/test378.dat ... Got latency for 9 opcodes
Reading the program file tests/test378.in ... Found 200 instructions
getProgDepth()==231
getDepDepth(36)==0
getInstDeps(193)=={113,149}
getDepDepth(175)==137
getInstDeps(35)=={16,-1}
getDepDepth(66)==66
getDepDepth(3)==0
getDepDepth(190)==161
getInstDeps(101)=={79,51}
getInstDeps(152)=={99,116}
getInstDeps(166)=={163,136}
getDepDepth(45)==24
getDepDepth(77)==63
getDepDepth(43)==23
getDepDepth(140)==61
getDepDepth(113)==78
getDepDepth(52)==30
getInstDeps(131)=={116,121}
getDepDepth(117)==118
getDepDepth(45)==24
getInstDeps(7)=={-1,-1}
getInstDeps(110)=={68,84}
getInstDeps(56)=={53,51}
getInstDeps(35)=={16,-1}
getDepDepth(168)==167
getDepDepth(117)==118
getDepDepth(37)==23
getDepDepth(136)==148
getInstDeps(135)=={119,124}
getDepDepth(174)==168
getDepDepth(191)==214
getDepDepth(80)==74
getDepDepth(47)==48
getInstDeps(129)=={120,101}
getInstDeps(176)=={143,162}
getDepDepth(196)==137
getInstDeps(29)=={-1,24}
getDepDepth(159)==142
getInstDeps(78)=={47,40}
getDepDepth(199)==164
getDepDepth(29)==30
getInstDeps(169)=={109,164}
getDepDepth(117)==118
getDepDepth(60)==7
getDepDepth(73)==24
getInstDeps(161)=={143,150}
getInstDeps(16)=={-1,-1}
getDepDepth(191)==214
getDepDepth(195)==164
getInstDeps(19)=={-1,11}
getDepDepth(146)==131
getInstDeps(23)=={6,-1}
getDepDepth(108)==85
getInstDeps(153)=={149,121}
getInstDeps(116)=={86,105}
getInstDeps(80)=={7,77}
getDepDepth(164)==161
getInstDeps(137)=={134,113}
getInstDeps(162)=={146,154}
getDepDepth(89)==74
getDepDepth(94)==53
getInstDeps(150)=={138,136}
getInstDeps(157)=={109,138}
getDepDepth(191)==214
getDepDepth(83)==58
getDepDepth(6)==0
getInstDeps(63)=={41,-1}
getInstDeps(157)=={109,138}
getInstDeps(75)=={45,-1}
getDepDepth(148)==148
getDepDepth(23)==2
getDepDepth(157)==137
getInstDeps(114)=={83,112}
getDepDepth(190)==161
getDepDepth(139)==147
getDepDepth(196)==137
getInstDeps(109)=={68,100}
getInstDeps(134)=={131,133}
getDepDepth(187)==153
getDepDepth(186)==169
getDepDepth(142)==131
getDepDepth(59)==29
getInstDeps(112)=={85,102}
getInstDeps(66)=={65,30}
getDepDepth(44)==19
getDepDepth(67)==31
getInstDeps(163)=={99,136}
getDepDepth(35)==23
getInstDeps(81)=={76,28}
getInstDeps(80)=={7,77}
getInstDeps(120)=={105,103}
getInstDeps(99)=={19,91}
getInstDeps(126)=={68,91}
getDepDepth(189)==161
getDepDepth(9)==17
getDepDepth(95)==52
getInstDeps(43)=={36,-1}
getDepDepth(135)==123
getInstDeps(101)=={79,51}
getDepDepth(0)==0
getDepDepth(4)==0
getInstDeps(7)=={-1,-1}
getInstDeps(93)=={83,28}
getDepDepth(8)==0
