Reading the opcodes latency info from tests/test334.dat ... Got latency for 9 opcodes
Reading the program file tests/test334.in ... Found 200 instructions
getProgDepth()==277
getInstDeps(141)=={132,133}
getDepDepth(156)==141
getDepDepth(11)==13
getInstDeps(76)=={27,72}
getDepDepth(38)==37
getInstDeps(99)=={97,17}
getDepDepth(165)==169
getInstDeps(37)=={28,27}
getDepDepth(7)==0
getInstDeps(24)=={-1,-1}
getInstDeps(162)=={154,126}
getDepDepth(60)==31
getDepDepth(69)==95
getDepDepth(116)==159
getInstDeps(140)=={118,103}
getInstDeps(106)=={91,27}
getDepDepth(18)==26
getInstDeps(128)=={94,98}
getInstDeps(134)=={27,128}
getDepDepth(80)==108
getInstDeps(54)=={27,25}
getInstDeps(15)=={8,11}
getInstDeps(48)=={38,47}
getDepDepth(77)==85
getInstDeps(106)=={91,27}
getInstDeps(59)=={17,29}
getDepDepth(139)==138
getInstDeps(131)=={128,115}
getInstDeps(81)=={-1,37}
getDepDepth(96)==120
getDepDepth(135)==138
getInstDeps(179)=={178,-1}
getDepDepth(127)==182
getDepDepth(189)==226
getInstDeps(155)=={137,149}
getDepDepth(171)==159
getInstDeps(177)=={137,140}
getInstDeps(56)=={37,14}
getDepDepth(178)==206
getDepDepth(98)==119
getDepDepth(157)==192
getInstDeps(152)=={102,143}
getDepDepth(137)==161
getDepDepth(181)==182
getDepDepth(97)==100
getDepDepth(149)==158
getDepDepth(128)==126
getInstDeps(70)=={42,67}
getDepDepth(56)==110
getDepDepth(106)==112
