Reading the opcodes latency info from tests/test99.dat ... Got latency for 9 opcodes
Reading the program file tests/test99.in ... Found 200 instructions
getProgDepth()==229
getInstDeps(81)=={10,59}
getDepDepth(52)==60
getDepDepth(142)==147
getDepDepth(71)==68
getDepDepth(48)==32
getInstDeps(81)=={10,59}
getDepDepth(178)==193
getDepDepth(189)==211
getDepDepth(3)==0
getDepDepth(144)==188
getDepDepth(0)==0
getInstDeps(177)=={174,117}
getInstDeps(99)=={90,47}
getDepDepth(104)==99
getInstDeps(33)=={31,-1}
getInstDeps(127)=={126,92}
getDepDepth(150)==133
getInstDeps(3)=={-1,-1}
getDepDepth(16)==0
getInstDeps(43)=={41,3}
getInstDeps(117)=={85,54}
getInstDeps(179)=={145,143}
getDepDepth(64)==66
getDepDepth(106)==135
getInstDeps(193)=={189,182}
getDepDepth(86)==68
getDepDepth(44)==30
getDepDepth(143)==164
getDepDepth(78)==103
getInstDeps(45)=={44,10}
getDepDepth(59)==60
getDepDepth(99)==103
getInstDeps(66)=={50,39}
getDepDepth(140)==79
getInstDeps(13)=={-1,9}
getInstDeps(101)=={96,65}
getDepDepth(114)==81
getInstDeps(35)=={-1,-1}
getDepDepth(145)==171
getInstDeps(198)=={167,190}
getDepDepth(182)==195
getInstDeps(71)=={37,58}
getDepDepth(128)==161
getInstDeps(168)=={152,108}
getInstDeps(6)=={-1,-1}
getInstDeps(156)=={137,140}
getInstDeps(190)=={177,145}
getDepDepth(151)==166
getInstDeps(44)=={9,40}
getInstDeps(151)=={120,130}
getInstDeps(25)=={-1,-1}
getDepDepth(41)==19
getDepDepth(116)==116
getInstDeps(10)=={-1,-1}
getInstDeps(63)=={59,38}
getInstDeps(119)=={108,118}
getDepDepth(28)==13
getDepDepth(34)==17
getInstDeps(57)=={-1,-1}
getInstDeps(100)=={23,92}
getInstDeps(16)=={-1,-1}
getDepDepth(58)==65
getInstDeps(84)=={56,32}
getDepDepth(196)==226
getDepDepth(134)==164
getDepDepth(17)==23
getDepDepth(24)==46
getDepDepth(182)==195
getInstDeps(145)=={143,143}
getInstDeps(94)=={87,75}
getInstDeps(94)=={87,75}
getInstDeps(195)=={108,166}
getInstDeps(83)=={51,65}
getInstDeps(76)=={60,70}
getInstDeps(154)=={106,90}
getInstDeps(189)=={78,186}
getInstDeps(68)=={37,61}
getInstDeps(54)=={51,38}
getDepDepth(163)==187
getDepDepth(157)==175
getInstDeps(39)=={4,21}
getDepDepth(25)==0
getDepDepth(81)==67
getInstDeps(29)=={28,4}
getInstDeps(58)=={-1,52}
getDepDepth(35)==0
getInstDeps(130)=={129,119}
getDepDepth(74)==57
getInstDeps(70)=={67,50}
getInstDeps(116)=={78,107}
getInstDeps(1)=={-1,-1}
getInstDeps(126)=={125,103}
getInstDeps(18)=={16,-1}
getInstDeps(163)=={156,160}
getInstDeps(38)=={-1,14}
getInstDeps(168)=={152,108}
getInstDeps(21)=={16,17}
getDepDepth(68)==55
getDepDepth(56)==41
getInstDeps(26)=={16,-1}
getDepDepth(168)==169
getDepDepth(3)==0
