0x1c N 0x20
0x1c N 0x20
0x1c N 0x20
0x1c N 0x20
0x1c T 0x1c1c
0x1c N 0x20
0x1c N 0x20
0x1c T 0x1c1c
0x1c N 0x20
0x10001c N 0x100020
0x10001c N 0x100020
flush_num: 6, br_num: 11, size: 210b
